 Network poc_kos-net Creating 
 Network poc_kos-net Created 
 Volume poc_model-cache Creating 
 Volume poc_model-cache Created 
 Container kos-geo Creating 
 Container kos-geo Created 
 Container kos-api Creating 
 Container kos-api Created 
 Container kos-web Creating 
 Container kos-web Created 
 Container kos-geo Starting 
 Container kos-geo Started 
 Container kos-geo Waiting 
 Container kos-geo Healthy 
 Container kos-api Starting 
 Container kos-api Started 
 Container kos-api Waiting 
 Container kos-api Healthy 
 Container kos-web Starting 
 Container kos-web Started 
