=== watch_index — label=manual_index ===
  api: http://localhost:4001
  poll interval: 1.5s
  chroma path: /Users/athallarizky/development/rent-house-ai/data/chroma_db

✓ logged in as admin@kos.ai
  indexed areas at start: 14 areas, 247 total docs
  initial chroma_db size: 3.50 MB

Waiting for pipeline event (click Index/Rebuild in UI)...
(Ctrl+C to stop early)

  ⚪ [11:50:31] t=   1.2s  api: cpu=  0.1%  mem=  1.399GiB  chroma= 3.504MB  pipeline: completed/-  (Pipeline error: Command '['/usr/local/bi)
[F[K  ⚪ [11:50:34] t=   4.8s  api: cpu=  0.2%  mem=  1.399GiB  chroma= 3.504MB  pipeline: completed/-  (Pipeline error: Command '['/usr/local/bi)
[F[K  ⚪ [11:50:38] t=   7.8s  api: cpu=  0.2%  mem=  1.399GiB  chroma= 3.504MB  pipeline: completed/-  (Pipeline error: Command '['/usr/local/bi)
[F[K  ⚪ [11:50:41] t=  11.4s  api: cpu=  0.2%  mem=  1.399GiB  chroma= 3.504MB  pipeline: completed/-  (Pipeline error: Command '['/usr/local/bi)
[F[K  ⚪ [11:50:44] t=  14.4s  api: cpu=  0.2%  mem=  1.399GiB  chroma= 3.504MB  pipeline: completed/-  (Pipeline error: Command '['/usr/local/bi)
[F[K  ⚪ [11:50:47] t=  18.0s  api: cpu=  0.2%  mem=  1.399GiB  chroma= 3.504MB  pipeline: completed/-  (Pipeline error: Command '['/usr/local/bi)
[F[K  ⚪ [11:50:51] t=  21.0s  api: cpu=  0.2%  mem=  1.399GiB  chroma= 3.504MB  pipeline: completed/-  (Pipeline error: Command '['/usr/local/bi)
[F[K  ⚪ [11:50:54] t=  24.6s  api: cpu=  0.2%  mem=  1.399GiB  chroma= 3.504MB  pipeline: completed/-  (Pipeline error: Command '['/usr/local/bi)
[F[K  ⚪ [11:50:58] t=  27.6s  api: cpu=  0.2%  mem=  1.399GiB  chroma= 3.504MB  pipeline: completed/-  (Pipeline error: Command '['/usr/local/bi)
[F[K  ⚪ [11:51:01] t=  31.2s  api: cpu=  0.2%  mem=  1.399GiB  chroma= 3.504MB  pipeline: completed/-  (Pipeline error: Command '['/usr/local/bi)
[F[K  ⚪ [11:51:04] t=  34.2s  api: cpu=  0.2%  mem=  1.399GiB  chroma= 3.504MB  pipeline: completed/-  (Pipeline error: Command '['/usr/local/bi)
[F[K  ⚪ [11:51:07] t=  37.8s  api: cpu=  0.2%  mem=  1.399GiB  chroma= 3.504MB  pipeline: completed/-  (Pipeline error: Command '['/usr/local/bi)
[F[K  ⚪ [11:51:11] t=  40.8s  api: cpu=  0.2%  mem=  1.399GiB  chroma= 3.504MB  pipeline: completed/-  (Pipeline error: Command '['/usr/local/bi)
[F[K  ⚪ [11:51:14] t=  44.4s  api: cpu=  0.2%  mem=  1.399GiB  chroma= 3.504MB  pipeline: completed/-  (Pipeline error: Command '['/usr/local/bi)
[F[K  ⚪ [11:51:17] t=  47.4s  api: cpu=  0.2%  mem=  1.399GiB  chroma= 3.504MB  pipeline: completed/-  (Pipeline error: Command '['/usr/local/bi)
[F[K  ⚪ [11:51:20] t=  51.0s  api: cpu=  0.2%  mem=  1.399GiB  chroma= 3.504MB  pipeline: completed/-  (Pipeline error: Command '['/usr/local/bi)
[F[K  ⚪ [11:51:24] t=  54.0s  api: cpu=  0.2%  mem=  1.399GiB  chroma= 3.504MB  pipeline: completed/-  (Pipeline error: Command '['/usr/local/bi)
[F[K  ⚪ [11:51:27] t=  57.6s  api: cpu=  0.2%  mem=  1.399GiB  chroma= 3.504MB  pipeline: completed/-  (Pipeline error: Command '['/usr/local/bi)
[F[K  ⚪ [11:51:30] t=  60.6s  api: cpu=  0.2%  mem=  1.399GiB  chroma= 3.504MB  pipeline: completed/-  (Pipeline error: Command '['/usr/local/bi)
[F[K  ⚪ [11:51:34] t=  64.2s  api: cpu=  0.2%  mem=  1.399GiB  chroma= 3.504MB  pipeline: completed/-  (Pipeline error: Command '['/usr/local/bi)
[F[K  ⚪ [11:51:37] t=  67.2s  api: cpu=  0.3%  mem=  1.399GiB  chroma= 3.504MB  pipeline: completed/-  (Pipeline error: Command '['/usr/local/bi)
[F[K  ⚪ [11:51:40] t=  70.7s  api: cpu=  0.2%  mem=  1.399GiB  chroma= 3.504MB  pipeline: completed/-  (Pipeline error: Command '['/usr/local/bi)
[F[K  ⚪ [11:51:44] t=  73.8s  api: cpu=  0.2%  mem=  1.399GiB  chroma= 3.504MB  pipeline: completed/-  (Pipeline error: Command '['/usr/local/bi)
[F[K  ⚪ [11:51:47] t=  77.3s  api: cpu=  0.2%  mem=  1.399GiB  chroma= 3.504MB  pipeline: completed/-  (Pipeline error: Command '['/usr/local/bi)
[F[K  ⚪ [11:51:50] t=  80.4s  api: cpu=  0.2%  mem=  1.399GiB  chroma= 3.504MB  pipeline: completed/-  (Pipeline error: Command '['/usr/local/bi)
[F[K  ⚪ [11:51:53] t=  83.9s  api: cpu=  0.2%  mem=  1.399GiB  chroma= 3.504MB  pipeline: completed/-  (Pipeline error: Command '['/usr/local/bi)
[F[K  ⚪ [11:51:57] t=  87.0s  api: cpu=  0.3%  mem=  1.399GiB  chroma= 3.504MB  pipeline: completed/-  (Pipeline error: Command '['/usr/local/bi)
[F[K  ⚪ [11:52:00] t=  90.5s  api: cpu=  0.2%  mem=  1.399GiB  chroma= 3.504MB  pipeline: completed/-  (Pipeline error: Command '['/usr/local/bi)
[F[K  ⚪ [11:52:03] t=  93.6s  api: cpu=  0.2%  mem=  1.399GiB  chroma= 3.504MB  pipeline: completed/-  (Pipeline error: Command '['/usr/local/bi)
[F[K  ⚪ [11:52:06] t=  97.1s  api: cpu=  0.2%  mem=  1.399GiB  chroma= 3.504MB  pipeline: completed/-  (Pipeline error: Command '['/usr/local/bi)
[F[K  ⚪ [11:52:10] t= 100.2s  api: cpu=  0.2%  mem=  1.399GiB  chroma= 3.504MB  pipeline: completed/-  (Pipeline error: Command '['/usr/local/bi)
[F[K  ⚪ [11:52:13] t= 103.7s  api: cpu=  0.2%  mem=  1.399GiB  chroma= 3.504MB  pipeline: completed/-  (Pipeline error: Command '['/usr/local/bi)
[F[K  ⚪ [11:52:17] t= 106.7s  api: cpu=  0.2%  mem=  1.399GiB  chroma= 3.504MB  pipeline: completed/-  (Pipeline error: Command '['/usr/local/bi)
[F[K  ⚪ [11:52:20] t= 110.3s  api: cpu=  0.2%  mem=  1.399GiB  chroma= 3.504MB  pipeline: completed/-  (Pipeline error: Command '['/usr/local/bi)
[F[K  ⚪ [11:52:23] t= 113.4s  api: cpu=  0.2%  mem=  1.399GiB  chroma= 3.504MB  pipeline: completed/-  (Pipeline error: Command '['/usr/local/bi)
[F[K  ⚪ [11:52:26] t= 116.9s  api: cpu=  6.2%  mem=  1.399GiB  chroma= 3.504MB  pipeline: completed/-  (Pipeline error: Command '['/usr/local/bi)
[F[K  ⚪ [11:52:30] t= 120.0s  api: cpu=  0.2%  mem=  1.399GiB  chroma= 3.504MB  pipeline: completed/-  (Pipeline error: Command '['/usr/local/bi)
[F[K  ⚪ [11:52:33] t= 123.5s  api: cpu=  0.2%  mem=  1.399GiB  chroma= 3.504MB  pipeline: completed/-  (Pipeline error: Command '['/usr/local/bi)
[F[K  ⚪ [11:52:36] t= 126.5s  api: cpu=  0.3%  mem=  1.399GiB  chroma= 3.504MB  pipeline: completed/-  (Pipeline error: Command '['/usr/local/bi)
[F[K  ⚪ [11:52:39] t= 130.1s  api: cpu=  0.1%  mem=  1.399GiB  chroma= 3.504MB  pipeline: completed/-  (Pipeline error: Command '['/usr/local/bi)
[F[K  ⚪ [11:52:43] t= 133.1s  api: cpu=  0.2%  mem=  1.399GiB  chroma= 3.504MB  pipeline: completed/-  (Pipeline error: Command '['/usr/local/bi)
[F[K  ⚪ [11:52:46] t= 136.7s  api: cpu=  0.2%  mem=  1.399GiB  chroma= 3.504MB  pipeline: completed/-  (Pipeline error: Command '['/usr/local/bi)
[F[K  ⚪ [11:52:50] t= 139.7s  api: cpu=  0.2%  mem=  1.399GiB  chroma= 3.504MB  pipeline: completed/-  (Pipeline error: Command '['/usr/local/bi)
[F[K  ⚪ [11:52:53] t= 143.3s  api: cpu=  0.2%  mem=  1.399GiB  chroma= 3.504MB  pipeline: completed/-  (Pipeline error: Command '['/usr/local/bi)
[F[K  ⚪ [11:52:56] t= 146.3s  api: cpu=  5.7%  mem=  1.399GiB  chroma= 3.504MB  pipeline: completed/-  (Pipeline error: Command '['/usr/local/bi)
[F[K  ⚪ [11:52:59] t= 149.9s  api: cpu=  0.2%  mem=  1.399GiB  chroma= 3.504MB  pipeline: completed/-  (Pipeline error: Command '['/usr/local/bi)
[F[K  ⚪ [11:53:03] t= 152.9s  api: cpu=  0.2%  mem=  1.399GiB  chroma= 3.504MB  pipeline: completed/-  (Pipeline error: Command '['/usr/local/bi)
[F[K  ⚪ [11:53:06] t= 156.5s  api: cpu=  0.3%  mem=  1.399GiB  chroma= 3.504MB  pipeline: completed/-  (Pipeline error: Command '['/usr/local/bi)
[F[K  ⚪ [11:53:09] t= 159.5s  api: cpu=  0.3%  mem=  1.399GiB  chroma= 3.504MB  pipeline: completed/-  (Pipeline error: Command '['/usr/local/bi)
[F[K  ⚪ [11:53:12] t= 163.1s  api: cpu=  0.1%  mem=  1.399GiB  chroma= 3.504MB  pipeline: completed/-  (Pipeline error: Command '['/usr/local/bi)
[F[K  ⚪ [11:53:16] t= 166.1s  api: cpu=  0.2%  mem=  1.399GiB  chroma= 3.504MB  pipeline: completed/-  (Pipeline error: Command '['/usr/local/bi)
[F[K  ⚪ [11:53:19] t= 169.7s  api: cpu=  0.2%  mem=  1.399GiB  chroma= 3.504MB  pipeline: completed/-  (Pipeline error: Command '['/usr/local/bi)
[F[K  ⚪ [11:53:23] t= 172.7s  api: cpu=  0.2%  mem=  1.399GiB  chroma= 3.504MB  pipeline: completed/-  (Pipeline error: Command '['/usr/local/bi)
[F[K  ⚪ [11:53:26] t= 176.2s  api: cpu=  0.3%  mem=  1.399GiB  chroma= 3.504MB  pipeline: completed/-  (Pipeline error: Command '['/usr/local/bi)
[F[K  ⚪ [11:53:29] t= 179.3s  api: cpu=  0.3%  mem=  1.399GiB  chroma= 3.504MB  pipeline: completed/-  (Pipeline error: Command '['/usr/local/bi)
[F[K  ⚪ [11:53:32] t= 182.8s  api: cpu=  0.2%  mem=  1.399GiB  chroma= 3.504MB  pipeline: completed/-  (Pipeline error: Command '['/usr/local/bi)
[F[K  ⚪ [11:53:36] t= 185.9s  api: cpu=  0.2%  mem=  1.399GiB  chroma= 3.504MB  pipeline: completed/-  (Pipeline error: Command '['/usr/local/bi)
[F[K  ⚪ [11:53:39] t= 189.4s  api: cpu=  0.2%  mem=  1.399GiB  chroma= 3.504MB  pipeline: completed/-  (Pipeline error: Command '['/usr/local/bi)
[F[K  ⚪ [11:53:42] t= 192.4s  api: cpu=  0.2%  mem=  1.399GiB  chroma= 3.504MB  pipeline: completed/-  (Pipeline error: Command '['/usr/local/bi)
[F[K  ⚪ [11:53:45] t= 196.0s  api: cpu=  0.2%  mem=  1.399GiB  chroma= 3.504MB  pipeline: completed/-  (Pipeline error: Command '['/usr/local/bi)
[F[K  ⚪ [11:53:49] t= 199.0s  api: cpu=  0.2%  mem=  1.399GiB  chroma= 3.504MB  pipeline: completed/-  (Pipeline error: Command '['/usr/local/bi)
[F[K  ⚪ [11:53:52] t= 202.6s  api: cpu=  0.2%  mem=  1.399GiB  chroma= 3.504MB  pipeline: completed/-  (Pipeline error: Command '['/usr/local/bi)
[F[K  ⚪ [11:53:56] t= 205.7s  api: cpu=  6.9%  mem=  1.408GiB  chroma= 3.504MB  pipeline: completed/-  (Pipeline error: Command '['/usr/local/bi)
[F[K  ⚪ [11:53:59] t= 209.2s  api: cpu=  0.2%  mem=  1.399GiB  chroma= 3.504MB  pipeline: completed/-  (Pipeline error: Command '['/usr/local/bi)
[F[K  ⚪ [11:54:02] t= 212.3s  api: cpu=  0.3%  mem=  1.399GiB  chroma= 3.504MB  pipeline: completed/-  (Pipeline error: Command '['/usr/local/bi)
[F[K  ⚪ [11:54:05] t= 215.8s  api: cpu=  0.2%  mem=  1.399GiB  chroma= 3.504MB  pipeline: completed/-  (Pipeline error: Command '['/usr/local/bi)
[F[K  ⚪ [11:54:09] t= 218.9s  api: cpu=  0.2%  mem=  1.399GiB  chroma= 3.504MB  pipeline: completed/-  (Pipeline error: Command '['/usr/local/bi)
[F[K  ⚪ [11:54:12] t= 222.4s  api: cpu=  0.1%  mem=  1.399GiB  chroma= 3.504MB  pipeline: completed/-  (Pipeline error: Command '['/usr/local/bi)
[F[K  ⚪ [11:54:15] t= 225.5s  api: cpu=  0.2%  mem=  1.399GiB  chroma= 3.504MB  pipeline: completed/-  (Pipeline error: Command '['/usr/local/bi)
[F[K  ⚪ [11:54:18] t= 229.0s  api: cpu=  0.3%  mem=  1.399GiB  chroma= 3.504MB  pipeline: completed/-  (Pipeline error: Command '['/usr/local/bi)
[F[K  ⚪ [11:54:22] t= 232.1s  api: cpu=  0.2%  mem=  1.399GiB  chroma= 3.504MB  pipeline: completed/-  (Pipeline error: Command '['/usr/local/bi)
[F[K  ⚪ [11:54:25] t= 235.6s  api: cpu=  0.2%  mem=  1.399GiB  chroma= 3.504MB  pipeline: completed/-  (Pipeline error: Command '['/usr/local/bi)
[F[K  ⚪ [11:54:29] t= 238.7s  api: cpu=  0.2%  mem=  1.399GiB  chroma= 3.504MB  pipeline: completed/-  (Pipeline error: Command '['/usr/local/bi)
[F[K  ⚪ [11:54:32] t= 242.2s  api: cpu=  0.1%  mem=  1.399GiB  chroma= 3.504MB  pipeline: completed/-  (Pipeline error: Command '['/usr/local/bi)
[F[K  ⚪ [11:54:35] t= 245.3s  api: cpu=  0.3%  mem=  1.399GiB  chroma= 3.504MB  pipeline: completed/-  (Pipeline error: Command '['/usr/local/bi)
[F[K  ⚪ [11:54:38] t= 248.8s  api: cpu=  0.3%  mem=  1.399GiB  chroma= 3.504MB  pipeline: completed/-  (Pipeline error: Command '['/usr/local/bi)
[F[K  ⚪ [11:54:42] t= 251.9s  api: cpu=  0.2%  mem=  1.399GiB  chroma= 3.504MB  pipeline: completed/-  (Pipeline error: Command '['/usr/local/bi)
[F[K  ⚪ [11:54:45] t= 255.5s  api: cpu=  0.3%  mem=  1.399GiB  chroma= 3.504MB  pipeline: completed/-  (Pipeline error: Command '['/usr/local/bi)
[F[K  ⚪ [11:54:48] t= 258.5s  api: cpu=  0.2%  mem=  1.399GiB  chroma= 3.504MB  pipeline: completed/-  (Pipeline error: Command '['/usr/local/bi)
[F[K  ⚪ [11:54:51] t= 262.1s  api: cpu=  0.2%  mem=  1.399GiB  chroma= 3.504MB  pipeline: completed/-  (Pipeline error: Command '['/usr/local/bi)
[F[K  ⚪ [11:54:55] t= 265.1s  api: cpu=  0.2%  mem=  1.399GiB  chroma= 3.504MB  pipeline: completed/-  (Pipeline error: Command '['/usr/local/bi)
[F[K  ⚪ [11:54:58] t= 268.7s  api: cpu=  0.2%  mem=  1.399GiB  chroma= 3.504MB  pipeline: completed/-  (Pipeline error: Command '['/usr/local/bi)
[F[K  ⚪ [11:55:02] t= 271.7s  api: cpu=  0.3%  mem=  1.399GiB  chroma= 3.504MB  pipeline: completed/-  (Pipeline error: Command '['/usr/local/bi)
[F[K  ⚪ [11:55:05] t= 275.3s  api: cpu=  0.2%  mem=  1.399GiB  chroma= 3.504MB  pipeline: completed/-  (Pipeline error: Command '['/usr/local/bi)
[F[K  ⚪ [11:55:08] t= 278.3s  api: cpu=  0.2%  mem=  1.399GiB  chroma= 3.504MB  pipeline: completed/-  (Pipeline error: Command '['/usr/local/bi)
[F[K  ⚪ [11:55:11] t= 281.9s  api: cpu=  0.1%  mem=  1.399GiB  chroma= 3.504MB  pipeline: completed/-  (Pipeline error: Command '['/usr/local/bi)
[F[K  ⚪ [11:55:15] t= 285.0s  api: cpu=  0.3%  mem=  1.399GiB  chroma= 3.504MB  pipeline: completed/-  (Pipeline error: Command '['/usr/local/bi)
[F[K  ⚪ [11:55:18] t= 288.5s  api: cpu=  0.2%  mem=  1.399GiB  chroma= 3.504MB  pipeline: completed/-  (Pipeline error: Command '['/usr/local/bi)
[F[K  ⚪ [11:55:21] t= 291.6s  api: cpu=  0.3%  mem=  1.399GiB  chroma= 3.504MB  pipeline: completed/-  (Pipeline error: Command '['/usr/local/bi)
[F[K  ⚪ [11:55:25] t= 295.1s  api: cpu=  0.2%  mem=  1.399GiB  chroma= 3.504MB  pipeline: completed/-  (Pipeline error: Command '['/usr/local/bi)
[F[K  ⚪ [11:55:28] t= 298.2s  api: cpu=  0.2%  mem=  1.399GiB  chroma= 3.504MB  pipeline: completed/-  (Pipeline error: Command '['/usr/local/bi)
[F[K  ⚪ [11:55:31] t= 301.8s  api: cpu=  0.2%  mem=  1.399GiB  chroma= 3.504MB  pipeline: completed/-  (Pipeline error: Command '['/usr/local/bi)
[F[K  ⚪ [11:55:35] t= 304.8s  api: cpu=  0.2%  mem=  1.399GiB  chroma= 3.504MB  pipeline: completed/-  (Pipeline error: Command '['/usr/local/bi)
[F[K  ⚪ [11:55:38] t= 308.3s  api: cpu=  0.2%  mem=  1.399GiB  chroma= 3.504MB  pipeline: completed/-  (Pipeline error: Command '['/usr/local/bi)
[F[K  ⚪ [11:55:41] t= 311.4s  api: cpu=  0.2%  mem=  1.399GiB  chroma= 3.504MB  pipeline: completed/-  (Pipeline error: Command '['/usr/local/bi)
[F[K  ⚪ [11:55:44] t= 315.0s  api: cpu=  0.2%  mem=  1.399GiB  chroma= 3.504MB  pipeline: completed/-  (Pipeline error: Command '['/usr/local/bi)
[F[K  ⚪ [11:55:48] t= 318.0s  api: cpu=  0.2%  mem=  1.399GiB  chroma= 3.504MB  pipeline: completed/-  (Pipeline error: Command '['/usr/local/bi)
[F[K  ⚪ [11:55:51] t= 321.6s  api: cpu=  0.2%  mem=  1.399GiB  chroma= 3.504MB  pipeline: completed/-  (Pipeline error: Command '['/usr/local/bi)
[F[K  ⚪ [11:55:55] t= 324.6s  api: cpu=  0.1%  mem=  1.399GiB  chroma= 3.504MB  pipeline: completed/-  (Pipeline error: Command '['/usr/local/bi)
[F[K  ⚪ [11:55:58] t= 328.2s  api: cpu=  0.2%  mem=  1.399GiB  chroma= 3.504MB  pipeline: completed/-  (Pipeline error: Command '['/usr/local/bi)
[F[K  ⚪ [11:56:01] t= 331.2s  api: cpu=  0.3%  mem=  1.399GiB  chroma= 3.504MB  pipeline: completed/-  (Pipeline error: Command '['/usr/local/bi)
[F[K  ⚪ [11:56:04] t= 334.8s  api: cpu=  0.2%  mem=  1.399GiB  chroma= 3.504MB  pipeline: completed/-  (Pipeline error: Command '['/usr/local/bi)
[F[K  ⚪ [11:56:08] t= 337.8s  api: cpu=  0.2%  mem=  1.399GiB  chroma= 3.504MB  pipeline: completed/-  (Pipeline error: Command '['/usr/local/bi)
[F[K  ⚪ [11:56:11] t= 341.4s  api: cpu=  0.2%  mem=  1.399GiB  chroma= 3.504MB  pipeline: completed/-  (Pipeline error: Command '['/usr/local/bi)
[F[K  ⚪ [11:56:14] t= 344.4s  api: cpu=  0.2%  mem=  1.399GiB  chroma= 3.504MB  pipeline: completed/-  (Pipeline error: Command '['/usr/local/bi)
[F[K  ⚪ [11:56:17] t= 348.0s  api: cpu=  0.2%  mem=  1.399GiB  chroma= 3.504MB  pipeline: completed/-  (Pipeline error: Command '['/usr/local/bi)
[F[K  ⚪ [11:56:21] t= 351.0s  api: cpu=  0.2%  mem=  1.399GiB  chroma= 3.504MB  pipeline: completed/-  (Pipeline error: Command '['/usr/local/bi)
[F[K  ⚪ [11:56:24] t= 354.6s  api: cpu=  0.2%  mem=  1.399GiB  chroma= 3.504MB  pipeline: completed/-  (Pipeline error: Command '['/usr/local/bi)
[F[K  ⚪ [11:56:28] t= 357.6s  api: cpu=  0.2%  mem=  1.399GiB  chroma= 3.504MB  pipeline: completed/-  (Pipeline error: Command '['/usr/local/bi)
[F[K  ⚪ [11:56:31] t= 361.2s  api: cpu=  0.2%  mem=  1.399GiB  chroma= 3.504MB  pipeline: completed/-  (Pipeline error: Command '['/usr/local/bi)
[F[K  ⚪ [11:56:34] t= 364.2s  api: cpu=  0.1%  mem=  1.399GiB  chroma= 3.504MB  pipeline: completed/-  (Pipeline error: Command '['/usr/local/bi)
[F[K  ⚪ [11:56:37] t= 367.8s  api: cpu=  0.2%  mem=  1.399GiB  chroma= 3.504MB  pipeline: completed/-  (Pipeline error: Command '['/usr/local/bi)
[F[K  ⚪ [11:56:41] t= 370.8s  api: cpu=  0.2%  mem=  1.399GiB  chroma= 3.504MB  pipeline: completed/-  (Pipeline error: Command '['/usr/local/bi)
[F[K  ⚪ [11:56:44] t= 374.4s  api: cpu=  0.2%  mem=  1.399GiB  chroma= 3.504MB  pipeline: completed/-  (Pipeline error: Command '['/usr/local/bi)
[F[K  ⚪ [11:56:47] t= 377.4s  api: cpu=  0.2%  mem=  1.399GiB  chroma= 3.504MB  pipeline: completed/-  (Pipeline error: Command '['/usr/local/bi)
[F[K  ⚪ [11:56:50] t= 381.1s  api: cpu=  0.2%  mem=  1.399GiB  chroma= 3.504MB  pipeline: completed/-  (Pipeline error: Command '['/usr/local/bi)
[F[K  ⚪ [11:56:54] t= 384.1s  api: cpu=  0.2%  mem=  1.399GiB  chroma= 3.504MB  pipeline: completed/-  (Pipeline error: Command '['/usr/local/bi)
[F[K  ⚪ [11:56:57] t= 387.7s  api: cpu=  0.2%  mem=  1.399GiB  chroma= 3.504MB  pipeline: completed/-  (Pipeline error: Command '['/usr/local/bi)
[F[K  ⚪ [11:57:01] t= 390.7s  api: cpu=  0.2%  mem=  1.399GiB  chroma= 3.504MB  pipeline: completed/-  (Pipeline error: Command '['/usr/local/bi)
[F[K  ⚪ [11:57:04] t= 394.3s  api: cpu=  0.2%  mem=  1.399GiB  chroma= 3.504MB  pipeline: completed/-  (Pipeline error: Command '['/usr/local/bi)
[F[K  ⚪ [11:57:07] t= 397.3s  api: cpu=  0.2%  mem=  1.399GiB  chroma= 3.504MB  pipeline: completed/-  (Pipeline error: Command '['/usr/local/bi)
[F[K  ⚪ [11:57:10] t= 400.9s  api: cpu=  0.2%  mem=  1.399GiB  chroma= 3.504MB  pipeline: completed/-  (Pipeline error: Command '['/usr/local/bi)
[F[K  ⚪ [11:57:14] t= 403.9s  api: cpu=  0.2%  mem=  1.399GiB  chroma= 3.504MB  pipeline: completed/-  (Pipeline error: Command '['/usr/local/bi)
[F[K  ⚪ [11:57:17] t= 407.5s  api: cpu=  0.1%  mem=  1.399GiB  chroma= 3.504MB  pipeline: completed/-  (Pipeline error: Command '['/usr/local/bi)
[F[K  ⚪ [11:57:20] t= 410.5s  api: cpu=  0.2%  mem=  1.399GiB  chroma= 3.504MB  pipeline: completed/-  (Pipeline error: Command '['/usr/local/bi)
[F[K  ⚪ [11:57:23] t= 414.1s  api: cpu=  0.2%  mem=  1.399GiB  chroma= 3.504MB  pipeline: completed/-  (Pipeline error: Command '['/usr/local/bi)
[F[K  ⚪ [11:57:27] t= 417.1s  api: cpu=  5.4%  mem=  1.399GiB  chroma= 3.504MB  pipeline: completed/-  (Pipeline error: Command '['/usr/local/bi)
[F[K  ⚪ [11:57:30] t= 420.7s  api: cpu=  0.2%  mem=  1.399GiB  chroma= 3.504MB  pipeline: completed/-  (Pipeline error: Command '['/usr/local/bi)
[F[K  ⚪ [11:57:34] t= 423.7s  api: cpu=  0.2%  mem=  1.399GiB  chroma= 3.504MB  pipeline: completed/-  (Pipeline error: Command '['/usr/local/bi)
[F[K  ⚪ [11:57:37] t= 427.3s  api: cpu=  0.2%  mem=  1.399GiB  chroma= 3.504MB  pipeline: completed/-  (Pipeline error: Command '['/usr/local/bi)
[F[K  ⚪ [11:57:40] t= 430.3s  api: cpu=  0.1%  mem=  1.399GiB  chroma= 3.504MB  pipeline: completed/-  (Pipeline error: Command '['/usr/local/bi)
[F[K  ⚪ [11:57:43] t= 433.9s  api: cpu=  0.1%  mem=  1.399GiB  chroma= 3.504MB  pipeline: completed/-  (Pipeline error: Command '['/usr/local/bi)
[F[K  ⚪ [11:57:47] t= 436.9s  api: cpu=  0.2%  mem=  1.399GiB  chroma= 3.504MB  pipeline: completed/-  (Pipeline error: Command '['/usr/local/bi)
[F[K  ⚪ [11:57:50] t= 440.5s  api: cpu=  0.2%  mem=  1.399GiB  chroma= 3.504MB  pipeline: completed/-  (Pipeline error: Command '['/usr/local/bi)
[F[K  ⚪ [11:57:53] t= 443.6s  api: cpu=  0.2%  mem=  1.399GiB  chroma= 3.504MB  pipeline: completed/-  (Pipeline error: Command '['/usr/local/bi)
[F[K  ⚪ [11:57:57] t= 447.1s  api: cpu=  6.0%  mem=  1.399GiB  chroma= 3.504MB  pipeline: completed/-  (Pipeline error: Command '['/usr/local/bi)
[F[K  ⚪ [11:58:00] t= 450.2s  api: cpu=  0.2%  mem=  1.399GiB  chroma= 3.504MB  pipeline: completed/-  (Pipeline error: Command '['/usr/local/bi)
[F[K  ⚪ [11:58:03] t= 453.7s  api: cpu=  0.2%  mem=  1.399GiB  chroma= 3.504MB  pipeline: completed/-  (Pipeline error: Command '['/usr/local/bi)
[F[K  ⚪ [11:58:07] t= 456.8s  api: cpu=  0.2%  mem=  1.399GiB  chroma= 3.504MB  pipeline: completed/-  (Pipeline error: Command '['/usr/local/bi)
[F[K  ⚪ [11:58:10] t= 460.4s  api: cpu=  0.2%  mem=  1.399GiB  chroma= 3.504MB  pipeline: completed/-  (Pipeline error: Command '['/usr/local/bi)
[F[K  ⚪ [11:58:13] t= 463.4s  api: cpu=  0.2%  mem=  1.399GiB  chroma= 3.504MB  pipeline: completed/-  (Pipeline error: Command '['/usr/local/bi)
[F[K  ⚪ [11:58:16] t= 467.0s  api: cpu=  0.1%  mem=  1.399GiB  chroma= 3.504MB  pipeline: completed/-  (Pipeline error: Command '['/usr/local/bi)
[F[K  ⚪ [11:58:20] t= 470.0s  api: cpu=  0.2%  mem=  1.399GiB  chroma= 3.504MB  pipeline: completed/-  (Pipeline error: Command '['/usr/local/bi)
[F[K  ⚪ [11:58:23] t= 473.6s  api: cpu=  0.2%  mem=  1.399GiB  chroma= 3.504MB  pipeline: completed/-  (Pipeline error: Command '['/usr/local/bi)
[F[K  ⚪ [11:58:26] t= 476.6s  api: cpu=  5.7%  mem=  1.399GiB  chroma= 3.504MB  pipeline: completed/-  (Pipeline error: Command '['/usr/local/bi)
[F[K  ⚪ [11:58:30] t= 480.2s  api: cpu=  0.2%  mem=  1.399GiB  chroma= 3.504MB  pipeline: completed/-  (Pipeline error: Command '['/usr/local/bi)
[F[K  ⚪ [11:58:33] t= 483.2s  api: cpu=  0.2%  mem=  1.399GiB  chroma= 3.504MB  pipeline: completed/-  (Pipeline error: Command '['/usr/local/bi)
[F[K  ⚪ [11:58:36] t= 486.8s  api: cpu=  0.2%  mem=  1.399GiB  chroma= 3.504MB  pipeline: completed/-  (Pipeline error: Command '['/usr/local/bi)
[F[K  ⚪ [11:58:40] t= 489.8s  api: cpu=  0.2%  mem=  1.399GiB  chroma= 3.504MB  pipeline: completed/-  (Pipeline error: Command '['/usr/local/bi)
[F[K  ⚪ [11:58:43] t= 493.4s  api: cpu=  0.2%  mem=  1.399GiB  chroma= 3.504MB  pipeline: completed/-  (Pipeline error: Command '['/usr/local/bi)
[F[K  ⚪ [11:58:46] t= 496.4s  api: cpu=  0.3%  mem=  1.399GiB  chroma= 3.504MB  pipeline: completed/-  (Pipeline error: Command '['/usr/local/bi)
[F[K  ⚪ [11:58:49] t= 500.0s  api: cpu=  0.2%  mem=  1.399GiB  chroma= 3.504MB  pipeline: completed/-  (Pipeline error: Command '['/usr/local/bi)
[F[K  ⚪ [11:58:53] t= 503.0s  api: cpu=  0.2%  mem=  1.399GiB  chroma= 3.504MB  pipeline: completed/-  (Pipeline error: Command '['/usr/local/bi)
[F[K  ⚪ [11:58:56] t= 506.6s  api: cpu=  0.5%  mem=    1.4GiB  chroma= 3.504MB  pipeline: completed/-  (Pipeline error: Command '['/usr/local/bi)
[F[K  ⚪ [11:59:00] t= 509.6s  api: cpu=  0.2%  mem=  1.399GiB  chroma= 3.504MB  pipeline: completed/-  (Pipeline error: Command '['/usr/local/bi)
[F[K  ⚪ [11:59:03] t= 513.2s  api: cpu=  0.2%  mem=  1.399GiB  chroma= 3.504MB  pipeline: completed/-  (Pipeline error: Command '['/usr/local/bi)
[F[K  ⚪ [11:59:06] t= 516.2s  api: cpu=  0.2%  mem=  1.399GiB  chroma= 3.504MB  pipeline: completed/-  (Pipeline error: Command '['/usr/local/bi)
[F[K  ⚪ [11:59:09] t= 519.8s  api: cpu=  0.1%  mem=  1.399GiB  chroma= 3.504MB  pipeline: completed/-  (Pipeline error: Command '['/usr/local/bi)
[F[K  ⚪ [11:59:13] t= 522.8s  api: cpu=  0.2%  mem=  1.399GiB  chroma= 3.504MB  pipeline: completed/-  (Pipeline error: Command '['/usr/local/bi)
[F[K  ⚪ [11:59:16] t= 526.4s  api: cpu=  0.3%  mem=  1.399GiB  chroma= 3.504MB  pipeline: completed/-  (Pipeline error: Command '['/usr/local/bi)
[F[K  ⚪ [11:59:19] t= 529.4s  api: cpu=  0.2%  mem=  1.399GiB  chroma= 3.504MB  pipeline: completed/-  (Pipeline error: Command '['/usr/local/bi)
[F[K  ⚪ [11:59:22] t= 533.0s  api: cpu=  0.2%  mem=  1.399GiB  chroma= 3.504MB  pipeline: completed/-  (Pipeline error: Command '['/usr/local/bi)
[F[K  ⚪ [11:59:26] t= 536.0s  api: cpu=  0.2%  mem=  1.399GiB  chroma= 3.504MB  pipeline: completed/-  (Pipeline error: Command '['/usr/local/bi)
[F[K  ⚪ [11:59:29] t= 539.6s  api: cpu=  0.2%  mem=  1.399GiB  chroma= 3.504MB  pipeline: completed/-  (Pipeline error: Command '['/usr/local/bi)
[F[K  ⚪ [11:59:33] t= 542.6s  api: cpu=  0.1%  mem=  1.399GiB  chroma= 3.504MB  pipeline: completed/-  (Pipeline error: Command '['/usr/local/bi)
[F[K  ⚪ [11:59:36] t= 546.2s  api: cpu=  0.2%  mem=  1.399GiB  chroma= 3.504MB  pipeline: completed/-  (Pipeline error: Command '['/usr/local/bi)
[F[K  ⚪ [11:59:39] t= 549.3s  api: cpu=  0.2%  mem=  1.399GiB  chroma= 3.504MB  pipeline: completed/-  (Pipeline error: Command '['/usr/local/bi)
[F[K  ⚪ [11:59:42] t= 552.8s  api: cpu=  0.2%  mem=  1.399GiB  chroma= 3.504MB  pipeline: completed/-  (Pipeline error: Command '['/usr/local/bi)
[F[K  ⚪ [11:59:46] t= 555.8s  api: cpu=  0.2%  mem=  1.399GiB  chroma= 3.504MB  pipeline: completed/-  (Pipeline error: Command '['/usr/local/bi)
[F[K  ⚪ [11:59:49] t= 559.4s  api: cpu=  0.3%  mem=  1.399GiB  chroma= 3.504MB  pipeline: completed/-  (Pipeline error: Command '['/usr/local/bi)
[F[K  ⚪ [11:59:52] t= 562.4s  api: cpu=  0.2%  mem=  1.399GiB  chroma= 3.504MB  pipeline: completed/-  (Pipeline error: Command '['/usr/local/bi)
[F[K  ⚪ [11:59:55] t= 566.0s  api: cpu=  0.2%  mem=  1.399GiB  chroma= 3.504MB  pipeline: completed/-  (Pipeline error: Command '['/usr/local/bi)
[F[K  ⚪ [11:59:59] t= 569.0s  api: cpu=  0.2%  mem=  1.399GiB  chroma= 3.504MB  pipeline: completed/-  (Pipeline error: Command '['/usr/local/bi)
[F[K  ⚪ [12:00:02] t= 572.6s  api: cpu=  0.2%  mem=  1.399GiB  chroma= 3.504MB  pipeline: completed/-  (Pipeline error: Command '['/usr/local/bi)
[F[K  ⚪ [12:00:06] t= 575.6s  api: cpu=  0.3%  mem=  1.399GiB  chroma= 3.504MB  pipeline: completed/-  (Pipeline error: Command '['/usr/local/bi)
[F[K  ⚪ [12:00:09] t= 579.2s  api: cpu=  0.2%  mem=  1.399GiB  chroma= 3.504MB  pipeline: completed/-  (Pipeline error: Command '['/usr/local/bi)
[F[K  ⚪ [12:00:12] t= 582.2s  api: cpu=  0.2%  mem=  1.399GiB  chroma= 3.504MB  pipeline: completed/-  (Pipeline error: Command '['/usr/local/bi)
[F[K  ⚪ [12:00:15] t= 585.8s  api: cpu=  0.2%  mem=  1.399GiB  chroma= 3.504MB  pipeline: completed/-  (Pipeline error: Command '['/usr/local/bi)
[F[K  ⚪ [12:00:19] t= 588.8s  api: cpu=  0.2%  mem=  1.399GiB  chroma= 3.504MB  pipeline: completed/-  (Pipeline error: Command '['/usr/local/bi)
[F[K  ⚪ [12:00:22] t= 592.4s  api: cpu=  0.2%  mem=  1.399GiB  chroma= 3.504MB  pipeline: completed/-  (Pipeline error: Command '['/usr/local/bi)
[F[K  ⚪ [12:00:25] t= 595.5s  api: cpu=  0.2%  mem=  1.399GiB  chroma= 3.504MB  pipeline: completed/-  (Pipeline error: Command '['/usr/local/bi)
[F[K  ⚪ [12:00:28] t= 599.0s  api: cpu=  0.2%  mem=  1.399GiB  chroma= 3.504MB  pipeline: completed/-  (Pipeline error: Command '['/usr/local/bi)
[F[K  ⚪ [12:00:32] t= 602.1s  api: cpu=  0.2%  mem=  1.399GiB  chroma= 3.504MB  pipeline: completed/-  (Pipeline error: Command '['/usr/local/bi)
[F[K  ⚪ [12:00:35] t= 605.6s  api: cpu=  0.2%  mem=  1.399GiB  chroma= 3.504MB  pipeline: completed/-  (Pipeline error: Command '['/usr/local/bi)
[F[K  ⚪ [12:00:39] t= 608.7s  api: cpu=  0.2%  mem=  1.399GiB  chroma= 3.504MB  pipeline: completed/-  (Pipeline error: Command '['/usr/local/bi)
[F[K  ⚪ [12:00:42] t= 612.2s  api: cpu=  0.2%  mem=  1.399GiB  chroma= 3.504MB  pipeline: completed/-  (Pipeline error: Command '['/usr/local/bi)
[F[K  ⚪ [12:00:45] t= 615.3s  api: cpu=  0.3%  mem=  1.399GiB  chroma= 3.504MB  pipeline: completed/-  (Pipeline error: Command '['/usr/local/bi)
[F[K  ⚪ [12:00:48] t= 618.8s  api: cpu=  0.3%  mem=  1.399GiB  chroma= 3.504MB  pipeline: completed/-  (Pipeline error: Command '['/usr/local/bi)
[F[K  ⚪ [12:00:52] t= 621.9s  api: cpu=  0.2%  mem=  1.399GiB  chroma= 3.504MB  pipeline: completed/-  (Pipeline error: Command '['/usr/local/bi)
[F[K  ⚪ [12:00:55] t= 625.5s  api: cpu=  0.3%  mem=  1.399GiB  chroma= 3.504MB  pipeline: completed/-  (Pipeline error: Command '['/usr/local/bi)
[F[K  ⚪ [12:00:58] t= 628.5s  api: cpu=  0.2%  mem=  1.399GiB  chroma= 3.504MB  pipeline: completed/-  (Pipeline error: Command '['/usr/local/bi)
[F[K  ⚪ [12:01:01] t= 632.1s  api: cpu=  0.2%  mem=  1.399GiB  chroma= 3.504MB  pipeline: completed/-  (Pipeline error: Command '['/usr/local/bi)
[F[K  ⚪ [12:01:05] t= 635.1s  api: cpu=  0.2%  mem=  1.399GiB  chroma= 3.504MB  pipeline: completed/-  (Pipeline error: Command '['/usr/local/bi)
[F[K  ⚪ [12:01:08] t= 638.7s  api: cpu=  0.2%  mem=  1.399GiB  chroma= 3.504MB  pipeline: completed/-  (Pipeline error: Command '['/usr/local/bi)
[F[K  ⚪ [12:01:12] t= 641.7s  api: cpu=  0.2%  mem=  1.399GiB  chroma= 3.504MB  pipeline: completed/-  (Pipeline error: Command '['/usr/local/bi)
[F[K  ⚪ [12:01:15] t= 645.3s  api: cpu=  0.2%  mem=  1.399GiB  chroma= 3.504MB  pipeline: completed/-  (Pipeline error: Command '['/usr/local/bi)
[F[K  ⚪ [12:01:18] t= 648.3s  api: cpu=  0.3%  mem=  1.399GiB  chroma= 3.504MB  pipeline: completed/-  (Pipeline error: Command '['/usr/local/bi)
[F[K  ⚪ [12:01:21] t= 651.9s  api: cpu=  0.2%  mem=  1.399GiB  chroma= 3.504MB  pipeline: completed/-  (Pipeline error: Command '['/usr/local/bi)
[F[K  ⚪ [12:01:25] t= 654.9s  api: cpu=  0.2%  mem=  1.399GiB  chroma= 3.504MB  pipeline: completed/-  (Pipeline error: Command '['/usr/local/bi)
[F[K  ⚪ [12:01:28] t= 658.5s  api: cpu=  6.0%  mem=  1.399GiB  chroma= 3.504MB  pipeline: completed/-  (Pipeline error: Command '['/usr/local/bi)
[F[K  ⚪ [12:01:31] t= 661.5s  api: cpu=  0.2%  mem=  1.399GiB  chroma= 3.504MB  pipeline: completed/-  (Pipeline error: Command '['/usr/local/bi)
[F[K  ⚪ [12:01:34] t= 665.1s  api: cpu=  0.2%  mem=  1.399GiB  chroma= 3.504MB  pipeline: completed/-  (Pipeline error: Command '['/usr/local/bi)
[F[K  ⚪ [12:01:38] t= 668.1s  api: cpu=  0.2%  mem=  1.399GiB  chroma= 3.504MB  pipeline: completed/-  (Pipeline error: Command '['/usr/local/bi)
[F[K  ⚪ [12:01:41] t= 671.7s  api: cpu=  0.2%  mem=  1.399GiB  chroma= 3.504MB  pipeline: completed/-  (Pipeline error: Command '['/usr/local/bi)
[F[K  ⚪ [12:01:45] t= 674.8s  api: cpu=  0.2%  mem=  1.399GiB  chroma= 3.504MB  pipeline: completed/-  (Pipeline error: Command '['/usr/local/bi)
[F[K  ⚪ [12:01:48] t= 678.3s  api: cpu=  0.2%  mem=  1.399GiB  chroma= 3.504MB  pipeline: completed/-  (Pipeline error: Command '['/usr/local/bi)
[F[K  ⚪ [12:01:51] t= 681.4s  api: cpu=  0.2%  mem=  1.399GiB  chroma= 3.504MB  pipeline: completed/-  (Pipeline error: Command '['/usr/local/bi)
[F[K  ⚪ [12:01:54] t= 684.9s  api: cpu=  0.2%  mem=  1.399GiB  chroma= 3.504MB  pipeline: completed/-  (Pipeline error: Command '['/usr/local/bi)
[F[K  ⚪ [12:01:58] t= 688.0s  api: cpu=  5.7%  mem=  1.399GiB  chroma= 3.504MB  pipeline: completed/-  (Pipeline error: Command '['/usr/local/bi)
[F[K  ⚪ [12:02:01] t= 691.5s  api: cpu=  0.2%  mem=  1.399GiB  chroma= 3.504MB  pipeline: completed/-  (Pipeline error: Command '['/usr/local/bi)
[F[K  ⚪ [12:02:04] t= 694.6s  api: cpu=  0.2%  mem=  1.399GiB  chroma= 3.504MB  pipeline: completed/-  (Pipeline error: Command '['/usr/local/bi)
[F[K  ⚪ [12:02:08] t= 698.2s  api: cpu=  0.2%  mem=  1.399GiB  chroma= 3.504MB  pipeline: completed/-  (Pipeline error: Command '['/usr/local/bi)
[F[K  ⚪ [12:02:11] t= 701.2s  api: cpu=  0.3%  mem=  1.399GiB  chroma= 3.504MB  pipeline: completed/-  (Pipeline error: Command '['/usr/local/bi)
[F[K  ⚪ [12:02:14] t= 704.8s  api: cpu=  0.2%  mem=  1.399GiB  chroma= 3.504MB  pipeline: completed/-  (Pipeline error: Command '['/usr/local/bi)
[F[K  ⚪ [12:02:18] t= 707.8s  api: cpu=  0.2%  mem=  1.399GiB  chroma= 3.504MB  pipeline: completed/-  (Pipeline error: Command '['/usr/local/bi)
[F[K  ⚪ [12:02:21] t= 711.4s  api: cpu=  0.3%  mem=  1.399GiB  chroma= 3.504MB  pipeline: completed/-  (Pipeline error: Command '['/usr/local/bi)
[F[K  ⚪ [12:02:24] t= 714.4s  api: cpu=  0.3%  mem=  1.399GiB  chroma= 3.504MB  pipeline: completed/-  (Pipeline error: Command '['/usr/local/bi)
[F[K  ⚪ [12:02:27] t= 718.0s  api: cpu=  8.5%  mem=  1.399GiB  chroma= 3.504MB  pipeline: completed/-  (Pipeline error: Command '['/usr/local/bi)
[F[K  ⚪ [12:02:31] t= 721.1s  api: cpu=  0.2%  mem=  1.399GiB  chroma= 3.504MB  pipeline: completed/-  (Pipeline error: Command '['/usr/local/bi)
[F[K  ⚪ [12:02:34] t= 724.6s  api: cpu=  0.2%  mem=  1.399GiB  chroma= 3.504MB  pipeline: completed/-  (Pipeline error: Command '['/usr/local/bi)
[F[K  ⚪ [12:02:38] t= 727.7s  api: cpu=  0.3%  mem=  1.399GiB  chroma= 3.504MB  pipeline: completed/-  (Pipeline error: Command '['/usr/local/bi)
[F[K  ⚪ [12:02:41] t= 731.2s  api: cpu=  0.1%  mem=  1.399GiB  chroma= 3.504MB  pipeline: completed/-  (Pipeline error: Command '['/usr/local/bi)
[F[K  ⚪ [12:02:44] t= 734.3s  api: cpu=  0.3%  mem=  1.399GiB  chroma= 3.504MB  pipeline: completed/-  (Pipeline error: Command '['/usr/local/bi)
[F[K  ⚪ [12:02:47] t= 737.8s  api: cpu=  0.2%  mem=  1.399GiB  chroma= 3.504MB  pipeline: completed/-  (Pipeline error: Command '['/usr/local/bi)
[F[K  ⚪ [12:02:51] t= 740.9s  api: cpu=  0.2%  mem=  1.399GiB  chroma= 3.504MB  pipeline: completed/-  (Pipeline error: Command '['/usr/local/bi)
[F[K  ⚪ [12:02:54] t= 744.5s  api: cpu=  0.2%  mem=  1.399GiB  chroma= 3.504MB  pipeline: completed/-  (Pipeline error: Command '['/usr/local/bi)
[F[K  ⚪ [12:02:57] t= 747.5s  api: cpu=  6.6%  mem=  1.399GiB  chroma= 3.504MB  pipeline: completed/-  (Pipeline error: Command '['/usr/local/bi)
[F[K  ⚪ [12:03:00] t= 751.1s  api: cpu=  0.2%  mem=  1.399GiB  chroma= 3.504MB  pipeline: completed/-  (Pipeline error: Command '['/usr/local/bi)
[F[K  ⚪ [12:03:04] t= 754.1s  api: cpu=  0.2%  mem=  1.399GiB  chroma= 3.504MB  pipeline: completed/-  (Pipeline error: Command '['/usr/local/bi)
[F[K  ⚪ [12:03:07] t= 757.7s  api: cpu=  0.3%  mem=  1.399GiB  chroma= 3.504MB  pipeline: completed/-  (Pipeline error: Command '['/usr/local/bi)
[F[K  ⚪ [12:03:11] t= 760.7s  api: cpu=  0.2%  mem=  1.399GiB  chroma= 3.504MB  pipeline: completed/-  (Pipeline error: Command '['/usr/local/bi)
[F[K  ⚪ [12:03:14] t= 764.3s  api: cpu=  0.2%  mem=  1.399GiB  chroma= 3.504MB  pipeline: completed/-  (Pipeline error: Command '['/usr/local/bi)
[F[K  ⚪ [12:03:17] t= 767.3s  api: cpu=  0.2%  mem=  1.399GiB  chroma= 3.504MB  pipeline: completed/-  (Pipeline error: Command '['/usr/local/bi)
[F[K  ⚪ [12:03:20] t= 770.9s  api: cpu=  0.2%  mem=  1.399GiB  chroma= 3.504MB  pipeline: completed/-  (Pipeline error: Command '['/usr/local/bi)
[F[K  ⚪ [12:03:24] t= 774.0s  api: cpu=  0.2%  mem=  1.399GiB  chroma= 3.504MB  pipeline: completed/-  (Pipeline error: Command '['/usr/local/bi)
[F[K  ⚪ [12:03:27] t= 777.5s  api: cpu=  7.4%  mem=    1.4GiB  chroma= 3.504MB  pipeline: completed/-  (Pipeline error: Command '['/usr/local/bi)
[F[K  ⚪ [12:03:30] t= 780.6s  api: cpu=  0.2%  mem=  1.399GiB  chroma= 3.504MB  pipeline: completed/-  (Pipeline error: Command '['/usr/local/bi)
[F[K  ⚪ [12:03:34] t= 784.1s  api: cpu=  0.2%  mem=  1.399GiB  chroma= 3.504MB  pipeline: completed/-  (Pipeline error: Command '['/usr/local/bi)
[F[K  ⚪ [12:03:37] t= 787.2s  api: cpu=  0.3%  mem=  1.399GiB  chroma= 3.504MB  pipeline: completed/-  (Pipeline error: Command '['/usr/local/bi)
[F[K  ⚪ [12:03:40] t= 790.7s  api: cpu=  0.2%  mem=  1.399GiB  chroma= 3.504MB  pipeline: completed/-  (Pipeline error: Command '['/usr/local/bi)
[F[K  ⚪ [12:03:44] t= 793.8s  api: cpu=  0.3%  mem=  1.399GiB  chroma= 3.504MB  pipeline: completed/-  (Pipeline error: Command '['/usr/local/bi)
[F[K  ⚪ [12:03:47] t= 797.3s  api: cpu=  0.2%  mem=  1.399GiB  chroma= 3.504MB  pipeline: completed/-  (Pipeline error: Command '['/usr/local/bi)
[F[K  ⚪ [12:03:50] t= 800.4s  api: cpu=  0.1%  mem=  1.399GiB  chroma= 3.504MB  pipeline: completed/-  (Pipeline error: Command '['/usr/local/bi)
[F[K  ⚪ [12:03:53] t= 803.9s  api: cpu=  0.2%  mem=  1.399GiB  chroma= 3.504MB  pipeline: completed/-  (Pipeline error: Command '['/usr/local/bi)
[F[K  ⚪ [12:03:57] t= 807.0s  api: cpu=  0.2%  mem=  1.399GiB  chroma= 3.504MB  pipeline: completed/-  (Pipeline error: Command '['/usr/local/bi)
[F[K  ⚪ [12:04:00] t= 810.5s  api: cpu=  0.2%  mem=  1.399GiB  chroma= 3.504MB  pipeline: completed/-  (Pipeline error: Command '['/usr/local/bi)
[F[K  ⚪ [12:04:03] t= 813.6s  api: cpu=  0.2%  mem=  1.399GiB  chroma= 3.504MB  pipeline: completed/-  (Pipeline error: Command '['/usr/local/bi)
[F[K  ⚪ [12:04:07] t= 817.1s  api: cpu=  0.5%  mem=  1.399GiB  chroma= 3.504MB  pipeline: completed/-  (Pipeline error: Command '['/usr/local/bi)
[F[K  ⚪ [12:04:10] t= 820.2s  api: cpu=  0.2%  mem=  1.399GiB  chroma= 3.504MB  pipeline: completed/-  (Pipeline error: Command '['/usr/local/bi)
[F[K  ⚪ [12:04:13] t= 823.7s  api: cpu=  0.2%  mem=  1.399GiB  chroma= 3.504MB  pipeline: completed/-  (Pipeline error: Command '['/usr/local/bi)
[F[K  ⚪ [12:04:17] t= 826.8s  api: cpu=  0.3%  mem=  1.399GiB  chroma= 3.504MB  pipeline: completed/-  (Pipeline error: Command '['/usr/local/bi)
[F[K  ⚪ [12:04:20] t= 830.5s  api: cpu=  0.5%  mem=  1.399GiB  chroma= 3.504MB  pipeline: completed/-  (Pipeline error: Command '['/usr/local/bi)
[F[K  ⚪ [12:04:23] t= 833.5s  api: cpu=  0.3%  mem=  1.399GiB  chroma= 3.504MB  pipeline: completed/-  (Pipeline error: Command '['/usr/local/bi)
[F[K  ⚪ [12:04:26] t= 837.1s  api: cpu=  0.3%  mem=  1.399GiB  chroma= 3.504MB  pipeline: completed/-  (Pipeline error: Command '['/usr/local/bi)
[F[K  ⚪ [12:04:30] t= 840.1s  api: cpu=  0.2%  mem=  1.399GiB  chroma= 3.504MB  pipeline: completed/-  (Pipeline error: Command '['/usr/local/bi)
[F[K  ⚪ [12:04:33] t= 843.7s  api: cpu=  0.3%  mem=  1.399GiB  chroma= 3.504MB  pipeline: completed/-  (Pipeline error: Command '['/usr/local/bi)
[F[K  ⚪ [12:04:37] t= 846.7s  api: cpu=  0.3%  mem=  1.399GiB  chroma= 3.504MB  pipeline: completed/-  (Pipeline error: Command '['/usr/local/bi)
[F[K  ⚪ [12:04:40] t= 850.3s  api: cpu=  0.2%  mem=  1.399GiB  chroma= 3.504MB  pipeline: completed/-  (Pipeline error: Command '['/usr/local/bi)
[F[K  ⚪ [12:04:43] t= 853.3s  api: cpu=  0.3%  mem=  1.399GiB  chroma= 3.504MB  pipeline: completed/-  (Pipeline error: Command '['/usr/local/bi)
[F[K  ⚪ [12:04:46] t= 856.9s  api: cpu=  0.3%  mem=  1.399GiB  chroma= 3.504MB  pipeline: completed/-  (Pipeline error: Command '['/usr/local/bi)

🟢 [12:04:50] PIPELINE START  area=Tambora  status=indexing  progress=Indexing Tambora...
[F[K  🟢 [12:04:50] t= 859.9s  api: cpu=347.7%  mem=  1.434GiB  chroma= 3.504MB  pipeline: indexing/Tambora  (Indexing Tambora...)
[F[K  🟢 [12:04:53] t= 863.5s  api: cpu=371.6%  mem=  1.429GiB  chroma= 3.504MB  pipeline: indexing/Tambora  (Indexing Tambora...)
[F[K  🟢 [12:04:56] t= 866.5s  api: cpu=370.4%  mem=  1.404GiB  chroma= 3.504MB  pipeline: indexing/Tambora  (Indexing Tambora...)
[F[K  🟢 [12:04:59] t= 870.1s  api: cpu=346.4%  mem=  1.428GiB  chroma= 3.504MB  pipeline: indexing/Tambora  (Indexing Tambora...)
[F[K  🟢 [12:05:03] t= 873.1s  api: cpu=350.5%  mem=  1.421GiB  chroma= 3.504MB  pipeline: indexing/Tambora  (Indexing Tambora...)
[F[K  🟢 [12:05:06] t= 876.7s  api: cpu=335.8%  mem=   1.42GiB  chroma= 3.504MB  pipeline: indexing/Tambora  (Indexing Tambora...)

✅ [12:05:10] PIPELINE END  area=Tambora  status=completed
   duration:       19.74s
   docs added:     170
   per-doc ingest: 116.1 ms/doc  (8.6 docs/s)
   chroma growth:  +3.387 MB  (now 6.891 MB)

   📊 During this pipeline event:
      kos-api peak CPU: 371.6%
      kos-api peak RAM: 1.434GiB
      chroma peak size: 6.891 MB

   Continuing to watch (waiting for next event, Ctrl+C to stop)...

[F[K  ⚪ [12:05:10] t= 879.8s  api: cpu= 14.3%  mem=   1.43GiB  chroma= 6.891MB  pipeline: completed/-  (Done: 310 new, 8 skipped)
[F[K  ⚪ [12:05:13] t= 883.4s  api: cpu=  0.2%  mem=   1.43GiB  chroma= 6.891MB  pipeline: completed/-  (Done: 310 new, 8 skipped)
[F[K  ⚪ [12:05:16] t= 886.4s  api: cpu=  0.2%  mem=   1.43GiB  chroma= 6.891MB  pipeline: completed/-  (Done: 310 new, 8 skipped)

📁 Raw samples:  /Users/athallarizky/development/rent-house-ai/poc/_e2e_logs/watch_manual_index_samples.jsonl  (269 samples)
📁 Summary:      /Users/athallarizky/development/rent-house-ai/poc/_e2e_logs/watch_manual_index_summary.json
   Events captured: 2  (1 complete)
