=== watch_index — label=baseline_bge_m3 ===
  api: http://localhost:5001
  poll interval: 1.5s
  chroma path: /Users/athallarizky/development/rent-house-ai/data/chroma_db

✓ logged in as admin@kos.ai
  indexed areas at start: 0 areas, 0 total docs
  initial chroma_db size: 0.18 MB

Waiting for pipeline event (click Index/Rebuild in UI)...
(Ctrl+C to stop early)

  ⚪ [12:34:24] t=   2.1s  api: cpu=  0.1%  mem=  700.4MiB  chroma= 0.180MB  pipeline: idle/-  ()
[F[K  ⚪ [12:34:27] t=   5.7s  api: cpu=  0.3%  mem=  700.4MiB  chroma= 0.180MB  pipeline: idle/-  ()
[F[K  ⚪ [12:34:31] t=   9.3s  api: cpu=  0.2%  mem=  700.4MiB  chroma= 0.180MB  pipeline: idle/-  ()
[F[K  ⚪ [12:34:35] t=  12.8s  api: cpu=  0.2%  mem=  700.3MiB  chroma= 0.180MB  pipeline: idle/-  ()
[F[K  ⚪ [12:34:38] t=  16.4s  api: cpu=  0.2%  mem=  700.3MiB  chroma= 0.180MB  pipeline: idle/-  ()
[F[K  ⚪ [12:34:42] t=  20.0s  api: cpu=  0.2%  mem=  700.3MiB  chroma= 0.180MB  pipeline: idle/-  ()
[F[K  ⚪ [12:34:45] t=  23.5s  api: cpu=  0.2%  mem=  700.3MiB  chroma= 0.180MB  pipeline: idle/-  ()
[F[K  ⚪ [12:34:49] t=  27.2s  api: cpu=  0.4%  mem=  700.3MiB  chroma= 0.180MB  pipeline: idle/-  ()
[F[K  ⚪ [12:34:52] t=  30.8s  api: cpu=  0.2%  mem=  700.3MiB  chroma= 0.180MB  pipeline: idle/-  ()
[F[K  ⚪ [12:34:56] t=  34.4s  api: cpu=  0.2%  mem=  700.3MiB  chroma= 0.180MB  pipeline: idle/-  ()
[F[K  ⚪ [12:35:00] t=  37.9s  api: cpu=  0.2%  mem=  700.3MiB  chroma= 0.180MB  pipeline: idle/-  ()
[F[K  ⚪ [12:35:03] t=  41.5s  api: cpu=  0.3%  mem=  700.3MiB  chroma= 0.180MB  pipeline: idle/-  ()
[F[K  ⚪ [12:35:07] t=  45.1s  api: cpu=  0.2%  mem=  700.4MiB  chroma= 0.180MB  pipeline: idle/-  ()
[F[K  ⚪ [12:35:10] t=  48.7s  api: cpu=  0.2%  mem=  700.3MiB  chroma= 0.180MB  pipeline: idle/-  ()
[F[K  ⚪ [12:35:14] t=  52.3s  api: cpu=  0.2%  mem=  700.3MiB  chroma= 0.180MB  pipeline: idle/-  ()
[F[K  ⚪ [12:35:18] t=  55.8s  api: cpu=  0.3%  mem=  700.3MiB  chroma= 0.180MB  pipeline: idle/-  ()
[F[K  ⚪ [12:35:21] t=  59.4s  api: cpu=  0.3%  mem=  700.3MiB  chroma= 0.180MB  pipeline: idle/-  ()
[F[K  ⚪ [12:35:25] t=  63.0s  api: cpu=  0.3%  mem=  700.3MiB  chroma= 0.180MB  pipeline: idle/-  ()
[F[K  ⚪ [12:35:28] t=  66.6s  api: cpu=  0.2%  mem=  700.3MiB  chroma= 0.180MB  pipeline: idle/-  ()
[F[K  ⚪ [12:35:32] t=  70.2s  api: cpu=  0.2%  mem=  700.4MiB  chroma= 0.180MB  pipeline: idle/-  ()
[F[K  ⚪ [12:35:35] t=  73.8s  api: cpu=  0.3%  mem=  700.3MiB  chroma= 0.180MB  pipeline: idle/-  ()
[F[K  ⚪ [12:35:39] t=  77.3s  api: cpu=  0.2%  mem=  700.3MiB  chroma= 0.180MB  pipeline: idle/-  ()
[F[K  ⚪ [12:35:43] t=  80.9s  api: cpu=  0.3%  mem=  700.3MiB  chroma= 0.180MB  pipeline: idle/-  ()
[F[K  ⚪ [12:35:46] t=  84.5s  api: cpu=  0.3%  mem=  700.3MiB  chroma= 0.180MB  pipeline: idle/-  ()
[F[K  ⚪ [12:35:50] t=  88.1s  api: cpu=  0.3%  mem=  700.3MiB  chroma= 0.180MB  pipeline: idle/-  ()
[F[K  ⚪ [12:35:53] t=  91.7s  api: cpu=  0.3%  mem=  700.4MiB  chroma= 0.180MB  pipeline: idle/-  ()
[F[K  ⚪ [12:35:57] t=  95.3s  api: cpu=  0.3%  mem=  700.3MiB  chroma= 0.180MB  pipeline: idle/-  ()
[F[K  ⚪ [12:36:01] t=  98.9s  api: cpu=  0.2%  mem=  700.3MiB  chroma= 0.180MB  pipeline: idle/-  ()
[F[K  ⚪ [12:36:04] t= 102.4s  api: cpu=  0.3%  mem=  700.3MiB  chroma= 0.180MB  pipeline: idle/-  ()
[F[K  ⚪ [12:36:08] t= 106.0s  api: cpu=  0.3%  mem=  700.3MiB  chroma= 0.180MB  pipeline: idle/-  ()
[F[K  ⚪ [12:36:11] t= 109.6s  api: cpu=  0.3%  mem=  700.4MiB  chroma= 0.180MB  pipeline: idle/-  ()
[F[K  ⚪ [12:36:15] t= 113.2s  api: cpu=  5.6%  mem=  700.3MiB  chroma= 0.180MB  pipeline: idle/-  ()
[F[K  ⚪ [12:36:18] t= 116.8s  api: cpu=  0.2%  mem=  700.3MiB  chroma= 0.180MB  pipeline: idle/-  ()
[F[K  ⚪ [12:36:22] t= 120.4s  api: cpu=  0.2%  mem=  700.4MiB  chroma= 0.180MB  pipeline: idle/-  ()
[F[K  ⚪ [12:36:26] t= 123.9s  api: cpu=  0.3%  mem=  700.4MiB  chroma= 0.180MB  pipeline: idle/-  ()
[F[K  ⚪ [12:36:29] t= 127.5s  api: cpu=  0.2%  mem=  700.3MiB  chroma= 0.180MB  pipeline: idle/-  ()
[F[K  ⚪ [12:36:33] t= 131.1s  api: cpu=  0.3%  mem=  700.3MiB  chroma= 0.180MB  pipeline: idle/-  ()
[F[K  ⚪ [12:36:36] t= 134.7s  api: cpu=  0.2%  mem=  700.4MiB  chroma= 0.180MB  pipeline: idle/-  ()
[F[K  ⚪ [12:36:40] t= 138.2s  api: cpu=  0.3%  mem=  700.3MiB  chroma= 0.180MB  pipeline: idle/-  ()
[F[K  ⚪ [12:36:44] t= 141.8s  api: cpu=  5.7%  mem=  700.3MiB  chroma= 0.180MB  pipeline: idle/-  ()
[F[K  ⚪ [12:36:47] t= 145.4s  api: cpu=  0.2%  mem=  700.3MiB  chroma= 0.180MB  pipeline: idle/-  ()
[F[K  ⚪ [12:36:51] t= 149.0s  api: cpu=  0.2%  mem=  700.3MiB  chroma= 0.180MB  pipeline: idle/-  ()
[F[K  ⚪ [12:36:54] t= 152.6s  api: cpu=  0.3%  mem=  700.4MiB  chroma= 0.180MB  pipeline: idle/-  ()
[F[K  ⚪ [12:36:58] t= 156.2s  api: cpu=  0.2%  mem=  700.4MiB  chroma= 0.180MB  pipeline: idle/-  ()
[F[K  ⚪ [12:37:01] t= 159.8s  api: cpu=  0.2%  mem=  700.3MiB  chroma= 0.180MB  pipeline: idle/-  ()
[F[K  ⚪ [12:37:05] t= 163.3s  api: cpu=  0.2%  mem=  700.4MiB  chroma= 0.180MB  pipeline: idle/-  ()
[F[K  ⚪ [12:37:09] t= 166.9s  api: cpu=  0.2%  mem=  700.4MiB  chroma= 0.180MB  pipeline: idle/-  ()
[F[K  ⚪ [12:37:12] t= 170.5s  api: cpu=  0.3%  mem=  700.3MiB  chroma= 0.180MB  pipeline: idle/-  ()
[F[K  ⚪ [12:37:16] t= 174.1s  api: cpu=  0.2%  mem=  700.3MiB  chroma= 0.180MB  pipeline: idle/-  ()
[F[K  ⚪ [12:37:19] t= 177.6s  api: cpu=  0.3%  mem=  700.3MiB  chroma= 0.180MB  pipeline: idle/-  ()
[F[K  ⚪ [12:37:23] t= 181.2s  api: cpu=  0.2%  mem=  700.3MiB  chroma= 0.180MB  pipeline: idle/-  ()
[F[K  ⚪ [12:37:27] t= 184.8s  api: cpu=  0.3%  mem=  700.4MiB  chroma= 0.180MB  pipeline: idle/-  ()
[F[K  ⚪ [12:37:30] t= 188.4s  api: cpu=  0.2%  mem=  700.3MiB  chroma= 0.180MB  pipeline: idle/-  ()
[F[K  ⚪ [12:37:34] t= 192.0s  api: cpu=  0.3%  mem=  700.4MiB  chroma= 0.180MB  pipeline: idle/-  ()
[F[K  ⚪ [12:37:37] t= 195.6s  api: cpu=  0.3%  mem=  700.3MiB  chroma= 0.180MB  pipeline: idle/-  ()
[F[K  ⚪ [12:37:41] t= 199.1s  api: cpu=  0.2%  mem=  700.4MiB  chroma= 0.180MB  pipeline: idle/-  ()
[F[K  ⚪ [12:37:44] t= 202.7s  api: cpu=  6.6%  mem=  700.4MiB  chroma= 0.180MB  pipeline: idle/-  ()
[F[K  ⚪ [12:37:48] t= 206.4s  api: cpu=  0.3%  mem=  700.4MiB  chroma= 0.180MB  pipeline: idle/-  ()
[F[K  ⚪ [12:37:52] t= 210.0s  api: cpu=  0.3%  mem=  700.4MiB  chroma= 0.180MB  pipeline: idle/-  ()
[F[K  ⚪ [12:37:55] t= 213.5s  api: cpu=  0.3%  mem=  700.4MiB  chroma= 0.180MB  pipeline: idle/-  ()
[F[K  ⚪ [12:37:59] t= 217.1s  api: cpu=  0.3%  mem=  700.4MiB  chroma= 0.180MB  pipeline: idle/-  ()
[F[K  ⚪ [12:38:02] t= 220.7s  api: cpu=  0.2%  mem=  700.4MiB  chroma= 0.180MB  pipeline: idle/-  ()
[F[K  ⚪ [12:38:06] t= 224.3s  api: cpu=  0.2%  mem=  700.4MiB  chroma= 0.180MB  pipeline: idle/-  ()
[F[K  ⚪ [12:38:10] t= 227.9s  api: cpu=  0.2%  mem=  700.4MiB  chroma= 0.180MB  pipeline: idle/-  ()
[F[K  ⚪ [12:38:13] t= 231.5s  api: cpu=  0.2%  mem=  700.4MiB  chroma= 0.180MB  pipeline: idle/-  ()
[F[K  ⚪ [12:38:17] t= 235.0s  api: cpu=  0.2%  mem=  700.4MiB  chroma= 0.180MB  pipeline: idle/-  ()
[F[K  ⚪ [12:38:20] t= 238.6s  api: cpu=  0.3%  mem=  700.4MiB  chroma= 0.180MB  pipeline: idle/-  ()
[F[K  ⚪ [12:38:24] t= 242.2s  api: cpu=  0.2%  mem=  700.4MiB  chroma= 0.180MB  pipeline: idle/-  ()
[F[K  ⚪ [12:38:27] t= 245.8s  api: cpu=  0.3%  mem=  700.4MiB  chroma= 0.180MB  pipeline: idle/-  ()
[F[K  ⚪ [12:38:31] t= 249.4s  api: cpu=  0.2%  mem=  700.4MiB  chroma= 0.180MB  pipeline: idle/-  ()
[F[K  ⚪ [12:38:35] t= 253.0s  api: cpu=  0.3%  mem=  700.4MiB  chroma= 0.180MB  pipeline: idle/-  ()
[F[K  ⚪ [12:38:38] t= 256.5s  api: cpu=  0.2%  mem=  700.4MiB  chroma= 0.180MB  pipeline: idle/-  ()
[F[K  ⚪ [12:38:42] t= 260.1s  api: cpu=  0.1%  mem=  700.4MiB  chroma= 0.180MB  pipeline: idle/-  ()
[F[K  ⚪ [12:38:45] t= 263.6s  api: cpu=  0.1%  mem=  700.4MiB  chroma= 0.180MB  pipeline: idle/-  ()
[F[K  ⚪ [12:38:49] t= 267.2s  api: cpu=  0.2%  mem=  700.4MiB  chroma= 0.180MB  pipeline: idle/-  ()
[F[K  ⚪ [12:38:52] t= 270.8s  api: cpu=  0.2%  mem=  700.4MiB  chroma= 0.180MB  pipeline: idle/-  ()
[F[K  ⚪ [12:38:56] t= 274.4s  api: cpu=  0.2%  mem=  700.4MiB  chroma= 0.180MB  pipeline: idle/-  ()
[F[K  ⚪ [12:39:00] t= 277.9s  api: cpu=  0.2%  mem=  700.4MiB  chroma= 0.180MB  pipeline: idle/-  ()
[F[K  ⚪ [12:39:03] t= 281.5s  api: cpu=  0.2%  mem=  700.4MiB  chroma= 0.180MB  pipeline: idle/-  ()
[F[K  ⚪ [12:39:07] t= 285.1s  api: cpu=  0.2%  mem=  700.4MiB  chroma= 0.180MB  pipeline: idle/-  ()
[F[K  ⚪ [12:39:10] t= 288.6s  api: cpu=  0.2%  mem=  700.4MiB  chroma= 0.180MB  pipeline: idle/-  ()
[F[K  ⚪ [12:39:14] t= 292.2s  api: cpu=  6.3%  mem=  700.4MiB  chroma= 0.180MB  pipeline: idle/-  ()
[F[K  ⚪ [12:39:17] t= 295.8s  api: cpu=  0.2%  mem=  700.4MiB  chroma= 0.180MB  pipeline: idle/-  ()
[F[K  ⚪ [12:39:21] t= 299.4s  api: cpu=  0.2%  mem=  700.4MiB  chroma= 0.180MB  pipeline: idle/-  ()
[F[K  ⚪ [12:39:25] t= 302.9s  api: cpu=  0.4%  mem=  700.4MiB  chroma= 0.180MB  pipeline: idle/-  ()
[F[K  ⚪ [12:39:28] t= 306.5s  api: cpu=  0.2%  mem=  700.4MiB  chroma= 0.180MB  pipeline: idle/-  ()
[F[K  ⚪ [12:39:32] t= 310.1s  api: cpu=  0.2%  mem=  700.4MiB  chroma= 0.180MB  pipeline: idle/-  ()
[F[K  ⚪ [12:39:35] t= 313.6s  api: cpu=  0.2%  mem=  700.4MiB  chroma= 0.180MB  pipeline: idle/-  ()
[F[K  ⚪ [12:39:39] t= 317.2s  api: cpu=  0.2%  mem=  700.4MiB  chroma= 0.180MB  pipeline: idle/-  ()
[F[K  ⚪ [12:39:42] t= 320.8s  api: cpu=  0.3%  mem=  700.4MiB  chroma= 0.180MB  pipeline: idle/-  ()
[F[K  ⚪ [12:39:46] t= 324.3s  api: cpu=  0.2%  mem=  700.4MiB  chroma= 0.180MB  pipeline: idle/-  ()
[F[K  ⚪ [12:39:50] t= 327.9s  api: cpu=  0.2%  mem=  700.4MiB  chroma= 0.180MB  pipeline: idle/-  ()
[F[K  ⚪ [12:39:53] t= 331.5s  api: cpu=  0.2%  mem=  700.4MiB  chroma= 0.180MB  pipeline: idle/-  ()
[F[K  ⚪ [12:39:57] t= 335.1s  api: cpu=  0.2%  mem=  700.4MiB  chroma= 0.180MB  pipeline: idle/-  ()
[F[K  ⚪ [12:40:00] t= 338.6s  api: cpu=  0.2%  mem=  700.4MiB  chroma= 0.180MB  pipeline: idle/-  ()
[F[K  ⚪ [12:40:04] t= 342.2s  api: cpu=  0.2%  mem=  700.4MiB  chroma= 0.180MB  pipeline: idle/-  ()
[F[K  ⚪ [12:40:07] t= 345.8s  api: cpu=  0.2%  mem=  700.6MiB  chroma= 0.180MB  pipeline: idle/-  ()
[F[K  ⚪ [12:40:11] t= 349.3s  api: cpu=  0.3%  mem=  700.5MiB  chroma= 0.180MB  pipeline: idle/-  ()
[F[K  ⚪ [12:40:15] t= 353.0s  api: cpu=  7.7%  mem=  700.5MiB  chroma= 0.180MB  pipeline: idle/-  ()
[F[K  ⚪ [12:40:18] t= 356.5s  api: cpu=  0.7%  mem=  700.5MiB  chroma= 0.180MB  pipeline: idle/-  ()

🟢 [12:40:22] PIPELINE START  area=Tambora  status=indexing  progress=Indexing Tambora...
[F[K  🟢 [12:40:22] t= 360.2s  api: cpu=343.6%  mem=  1.925GiB  chroma= 0.180MB  pipeline: indexing/Tambora  (Indexing Tambora...)
[F[K  🟢 [12:40:25] t= 364.0s  api: cpu=380.2%  mem=  2.247GiB  chroma= 0.180MB  pipeline: indexing/Tambora  (Indexing Tambora...)
[F[K  🟢 [12:40:29] t= 367.7s  api: cpu=386.6%  mem=  2.263GiB  chroma= 0.180MB  pipeline: indexing/Tambora  (Indexing Tambora...)
[F[K  🟢 [12:40:33] t= 371.3s  api: cpu=384.2%  mem=  2.351GiB  chroma= 0.180MB  pipeline: indexing/Tambora  (Indexing Tambora...)
[F[K  🟢 [12:40:37] t= 375.0s  api: cpu=362.3%  mem=  2.425GiB  chroma= 0.180MB  pipeline: indexing/Tambora  (Indexing Tambora...)
[F[K  🟢 [12:40:40] t= 378.7s  api: cpu=383.2%  mem=  2.543GiB  chroma= 0.180MB  pipeline: indexing/Tambora  (Indexing Tambora...)
[F[K  🟢 [12:40:44] t= 382.3s  api: cpu=375.8%  mem=   2.63GiB  chroma= 0.180MB  pipeline: indexing/Tambora  (Indexing Tambora...)
[F[K  🟢 [12:40:48] t= 386.1s  api: cpu=377.8%  mem=  2.751GiB  chroma= 0.180MB  pipeline: indexing/Tambora  (Indexing Tambora...)
[F[K  🟢 [12:40:51] t= 389.7s  api: cpu=371.2%  mem=  2.827GiB  chroma= 0.180MB  pipeline: indexing/Tambora  (Indexing Tambora...)
[F[K  🟢 [12:40:55] t= 393.4s  api: cpu=381.7%  mem=  2.864GiB  chroma= 0.180MB  pipeline: indexing/Tambora  (Indexing Tambora...)
[F[K  🟢 [12:40:59] t= 397.1s  api: cpu=384.1%  mem=  3.055GiB  chroma= 0.180MB  pipeline: indexing/Tambora  (Indexing Tambora...)
[F[K  🟢 [12:41:02] t= 400.7s  api: cpu=394.4%  mem=  3.055GiB  chroma= 0.180MB  pipeline: indexing/Tambora  (Indexing Tambora...)
[F[K  🟢 [12:41:06] t= 404.2s  api: cpu=381.4%  mem=  3.055GiB  chroma= 0.180MB  pipeline: indexing/Tambora  (Indexing Tambora...)
[F[K  🟢 [12:41:10] t= 407.8s  api: cpu=395.2%  mem=  3.055GiB  chroma= 0.180MB  pipeline: indexing/Tambora  (Indexing Tambora...)
[F[K  🟢 [12:41:13] t= 411.4s  api: cpu=392.3%  mem=  3.055GiB  chroma= 0.180MB  pipeline: indexing/Tambora  (Indexing Tambora...)
[F[K  🟢 [12:41:17] t= 415.0s  api: cpu=368.9%  mem=  3.055GiB  chroma= 0.180MB  pipeline: indexing/Tambora  (Indexing Tambora...)
[F[K  🟢 [12:41:20] t= 418.8s  api: cpu=382.1%  mem=  3.055GiB  chroma= 0.180MB  pipeline: indexing/Tambora  (Indexing Tambora...)
[F[K  🟢 [12:41:24] t= 422.6s  api: cpu=393.1%  mem=  3.112GiB  chroma= 0.180MB  pipeline: indexing/Tambora  (Indexing Tambora...)
[F[K  🟢 [12:41:28] t= 426.2s  api: cpu=386.6%  mem=  3.108GiB  chroma= 0.180MB  pipeline: indexing/Tambora  (Indexing Tambora...)
[F[K  🟢 [12:41:31] t= 429.8s  api: cpu=372.9%  mem=  3.108GiB  chroma= 0.180MB  pipeline: indexing/Tambora  (Indexing Tambora...)
[F[K  🟢 [12:41:35] t= 433.4s  api: cpu=387.3%  mem=  3.112GiB  chroma= 0.180MB  pipeline: indexing/Tambora  (Indexing Tambora...)
[F[K  🟢 [12:41:39] t= 436.9s  api: cpu=392.9%  mem=  3.108GiB  chroma= 0.180MB  pipeline: indexing/Tambora  (Indexing Tambora...)
[F[K  🟢 [12:41:42] t= 440.5s  api: cpu=387.8%  mem=  3.133GiB  chroma= 0.180MB  pipeline: indexing/Tambora  (Indexing Tambora...)
[F[K  🟢 [12:41:46] t= 444.1s  api: cpu=382.2%  mem=  3.133GiB  chroma= 0.180MB  pipeline: indexing/Tambora  (Indexing Tambora...)
[F[K  🟢 [12:41:49] t= 447.8s  api: cpu=389.7%  mem=  3.133GiB  chroma= 0.180MB  pipeline: indexing/Tambora  (Indexing Tambora...)
[F[K  🟢 [12:41:53] t= 451.5s  api: cpu=391.5%  mem=  3.133GiB  chroma= 0.180MB  pipeline: indexing/Tambora  (Indexing Tambora...)
[F[K  🟢 [12:41:57] t= 455.1s  api: cpu=376.1%  mem=  3.133GiB  chroma= 0.180MB  pipeline: indexing/Tambora  (Indexing Tambora...)
[F[K  🟢 [12:42:00] t= 458.9s  api: cpu=389.7%  mem=  3.149GiB  chroma= 0.180MB  pipeline: indexing/Tambora  (Indexing Tambora...)
[F[K  🟢 [12:42:04] t= 462.5s  api: cpu=388.6%  mem=  3.148GiB  chroma= 0.180MB  pipeline: indexing/Tambora  (Indexing Tambora...)
[F[K  🟢 [12:42:08] t= 466.0s  api: cpu=388.2%  mem=  3.148GiB  chroma= 0.180MB  pipeline: indexing/Tambora  (Indexing Tambora...)
[F[K  🟢 [12:42:11] t= 469.6s  api: cpu=373.2%  mem=  3.148GiB  chroma= 0.180MB  pipeline: indexing/Tambora  (Indexing Tambora...)
[F[K  🟢 [12:42:15] t= 473.3s  api: cpu=380.5%  mem=  3.178GiB  chroma= 0.180MB  pipeline: indexing/Tambora  (Indexing Tambora...)
[F[K  🟢 [12:42:19] t= 477.0s  api: cpu=374.4%  mem=  3.179GiB  chroma= 0.180MB  pipeline: indexing/Tambora  (Indexing Tambora...)
[F[K  🟢 [12:42:22] t= 480.7s  api: cpu=388.1%  mem=  3.166GiB  chroma= 0.180MB  pipeline: indexing/Tambora  (Indexing Tambora...)
[F[K  🟢 [12:42:26] t= 484.4s  api: cpu=369.9%  mem=   3.19GiB  chroma= 0.180MB  pipeline: indexing/Tambora  (Indexing Tambora...)
[F[K  🟢 [12:42:30] t= 487.9s  api: cpu=385.4%  mem=   3.19GiB  chroma= 0.180MB  pipeline: indexing/Tambora  (Indexing Tambora...)
[F[K  🟢 [12:42:33] t= 491.5s  api: cpu=387.9%  mem=   3.19GiB  chroma= 0.180MB  pipeline: indexing/Tambora  (Indexing Tambora...)
[F[K  🟢 [12:42:37] t= 495.1s  api: cpu=369.3%  mem=  3.189GiB  chroma= 0.180MB  pipeline: indexing/Tambora  (Indexing Tambora...)
[F[K  🟢 [12:42:40] t= 498.9s  api: cpu=387.3%  mem=  3.191GiB  chroma= 0.180MB  pipeline: indexing/Tambora  (Indexing Tambora...)
[F[K  🟢 [12:42:44] t= 502.5s  api: cpu=372.5%  mem=  3.182GiB  chroma= 0.180MB  pipeline: indexing/Tambora  (Indexing Tambora...)
[F[K  🟢 [12:42:48] t= 506.2s  api: cpu=359.0%  mem=  3.197GiB  chroma= 0.180MB  pipeline: indexing/Tambora  (Indexing Tambora...)
[F[K  🟢 [12:42:51] t= 509.8s  api: cpu=378.9%  mem=  3.201GiB  chroma= 0.180MB  pipeline: indexing/Tambora  (Indexing Tambora...)
[F[K  🟢 [12:42:55] t= 513.3s  api: cpu=388.4%  mem=  3.221GiB  chroma= 0.180MB  pipeline: indexing/Tambora  (Indexing Tambora...)
[F[K  🟢 [12:42:59] t= 516.9s  api: cpu=386.0%  mem=  3.226GiB  chroma= 0.180MB  pipeline: indexing/Tambora  (Indexing Tambora...)
[F[K  🟢 [12:43:02] t= 520.5s  api: cpu=386.2%  mem=  3.228GiB  chroma= 0.180MB  pipeline: indexing/Tambora  (Indexing Tambora...)
[F[K  🟢 [12:43:06] t= 524.1s  api: cpu=385.2%  mem=  3.206GiB  chroma= 0.180MB  pipeline: indexing/Tambora  (Indexing Tambora...)
[F[K  🟢 [12:43:09] t= 527.7s  api: cpu=384.5%  mem=  3.233GiB  chroma= 0.180MB  pipeline: indexing/Tambora  (Indexing Tambora...)
[F[K  🟢 [12:43:13] t= 531.3s  api: cpu=393.1%  mem=   3.24GiB  chroma= 0.180MB  pipeline: indexing/Tambora  (Indexing Tambora...)
[F[K  🟢 [12:43:17] t= 534.9s  api: cpu=381.9%  mem=  3.248GiB  chroma= 0.180MB  pipeline: indexing/Tambora  (Indexing Tambora...)
[F[K  🟢 [12:43:20] t= 538.6s  api: cpu=385.6%  mem=  3.237GiB  chroma= 0.180MB  pipeline: indexing/Tambora  (Indexing Tambora...)
[F[K  🟢 [12:43:24] t= 542.1s  api: cpu=381.2%  mem=  3.236GiB  chroma= 0.180MB  pipeline: indexing/Tambora  (Indexing Tambora...)
[F[K  🟢 [12:43:27] t= 545.7s  api: cpu=360.2%  mem=  3.238GiB  chroma= 0.180MB  pipeline: indexing/Tambora  (Indexing Tambora...)
[F[K  🟢 [12:43:31] t= 549.3s  api: cpu=372.4%  mem=  3.236GiB  chroma= 0.180MB  pipeline: indexing/Tambora  (Indexing Tambora...)
[F[K  🟢 [12:43:35] t= 552.9s  api: cpu=380.1%  mem=  3.231GiB  chroma= 0.180MB  pipeline: indexing/Tambora  (Indexing Tambora...)
[F[K  🟢 [12:43:38] t= 556.5s  api: cpu=377.0%  mem=  3.253GiB  chroma= 0.180MB  pipeline: indexing/Tambora  (Indexing Tambora...)
[F[K  🟢 [12:43:42] t= 560.0s  api: cpu=391.3%  mem=  3.254GiB  chroma= 0.180MB  pipeline: indexing/Tambora  (Indexing Tambora...)
[F[K  🟢 [12:43:45] t= 563.6s  api: cpu=360.1%  mem=  3.231GiB  chroma= 0.180MB  pipeline: indexing/Tambora  (Indexing Tambora...)
[F[K  🟢 [12:43:49] t= 567.2s  api: cpu=363.1%  mem=  3.234GiB  chroma= 0.180MB  pipeline: indexing/Tambora  (Indexing Tambora...)
[F[K  🟢 [12:43:53] t= 570.8s  api: cpu=382.6%  mem=  3.242GiB  chroma= 0.180MB  pipeline: indexing/Tambora  (Indexing Tambora...)
[F[K  🟢 [12:43:56] t= 574.5s  api: cpu=369.6%  mem=  3.242GiB  chroma= 0.180MB  pipeline: indexing/Tambora  (Indexing Tambora...)
[F[K  🟢 [12:44:00] t= 578.0s  api: cpu=381.8%  mem=  3.253GiB  chroma= 0.180MB  pipeline: indexing/Tambora  (Indexing Tambora...)
[F[K  🟢 [12:44:03] t= 581.6s  api: cpu=375.3%  mem=  3.233GiB  chroma= 0.180MB  pipeline: indexing/Tambora  (Indexing Tambora...)
[F[K  🟢 [12:44:07] t= 585.2s  api: cpu=377.1%  mem=   3.26GiB  chroma= 0.180MB  pipeline: indexing/Tambora  (Indexing Tambora...)
[F[K  🟢 [12:44:10] t= 588.9s  api: cpu=371.2%  mem=  3.256GiB  chroma= 0.180MB  pipeline: indexing/Tambora  (Indexing Tambora...)
[F[K  🟢 [12:44:14] t= 592.4s  api: cpu=386.1%  mem=  3.272GiB  chroma= 0.180MB  pipeline: indexing/Tambora  (Indexing Tambora...)
[F[K  🟢 [12:44:18] t= 596.1s  api: cpu=385.8%  mem=  3.274GiB  chroma= 0.180MB  pipeline: indexing/Tambora  (Indexing Tambora...)
[F[K  🟢 [12:44:21] t= 599.7s  api: cpu=363.0%  mem=   3.25GiB  chroma= 0.180MB  pipeline: indexing/Tambora  (Indexing Tambora...)
[F[K  🟢 [12:44:25] t= 603.2s  api: cpu=381.3%  mem=  3.248GiB  chroma= 0.180MB  pipeline: indexing/Tambora  (Indexing Tambora...)
[F[K  🟢 [12:44:29] t= 606.8s  api: cpu=367.8%  mem=  3.263GiB  chroma= 0.180MB  pipeline: indexing/Tambora  (Indexing Tambora...)
[F[K  🟢 [12:44:32] t= 610.5s  api: cpu=374.8%  mem=   3.26GiB  chroma= 0.180MB  pipeline: indexing/Tambora  (Indexing Tambora...)
[F[K  🟢 [12:44:36] t= 614.0s  api: cpu=366.5%  mem=  3.262GiB  chroma= 0.180MB  pipeline: indexing/Tambora  (Indexing Tambora...)

✅ [12:44:39] PIPELINE END  area=Tambora  status=completed
   duration:       257.57s
   docs added:     171
   per-doc ingest: 1506.3 ms/doc  (0.7 docs/s)
   chroma growth:  +4.678 MB  (now 4.858 MB)

   📊 During this pipeline event:
      kos-api peak CPU: 395.2%
      kos-api peak RAM: 3.294GiB
      chroma peak size: 4.858 MB

   Continuing to watch (waiting for next event, Ctrl+C to stop)...

[F[K  ⚪ [12:44:39] t= 618.0s  api: cpu= 15.0%  mem=  3.294GiB  chroma= 4.858MB  pipeline: completed/-  (Done: 318 new, 0 skipped)
[F[K  ⚪ [12:44:43] t= 621.6s  api: cpu=  0.3%  mem=  3.305GiB  chroma= 4.858MB  pipeline: completed/-  (Done: 318 new, 0 skipped)
[F[K  ⚪ [12:44:47] t= 625.2s  api: cpu=  0.2%  mem=  3.305GiB  chroma= 4.858MB  pipeline: completed/-  (Done: 318 new, 0 skipped)
[F[K  ⚪ [12:44:50] t= 628.9s  api: cpu=  0.3%  mem=  3.305GiB  chroma= 4.858MB  pipeline: completed/-  (Done: 318 new, 0 skipped)
[F[K  ⚪ [12:44:54] t= 632.4s  api: cpu=  0.3%  mem=  3.305GiB  chroma= 4.858MB  pipeline: completed/-  (Done: 318 new, 0 skipped)
[F[K  ⚪ [12:44:58] t= 636.0s  api: cpu=  0.3%  mem=  3.305GiB  chroma= 4.858MB  pipeline: completed/-  (Done: 318 new, 0 skipped)
[F[K  ⚪ [12:45:01] t= 639.6s  api: cpu=  0.3%  mem=  3.305GiB  chroma= 4.858MB  pipeline: completed/-  (Done: 318 new, 0 skipped)
[F[K  ⚪ [12:45:05] t= 643.1s  api: cpu=  0.3%  mem=  3.305GiB  chroma= 4.858MB  pipeline: completed/-  (Done: 318 new, 0 skipped)
[F[K  ⚪ [12:45:08] t= 646.7s  api: cpu=  0.2%  mem=  3.305GiB  chroma= 4.858MB  pipeline: completed/-  (Done: 318 new, 0 skipped)
[F[K  ⚪ [12:45:12] t= 650.3s  api: cpu=  0.2%  mem=  3.305GiB  chroma= 4.858MB  pipeline: completed/-  (Done: 318 new, 0 skipped)
[F[K  ⚪ [12:45:16] t= 653.8s  api: cpu=  6.8%  mem=  3.305GiB  chroma= 4.858MB  pipeline: completed/-  (Done: 318 new, 0 skipped)
[F[K  ⚪ [12:45:19] t= 657.4s  api: cpu=  0.2%  mem=  3.305GiB  chroma= 4.858MB  pipeline: completed/-  (Done: 318 new, 0 skipped)
[F[K  ⚪ [12:45:23] t= 661.0s  api: cpu=  0.2%  mem=  3.305GiB  chroma= 4.858MB  pipeline: completed/-  (Done: 318 new, 0 skipped)
[F[K  ⚪ [12:45:26] t= 664.6s  api: cpu=  0.2%  mem=  3.305GiB  chroma= 4.858MB  pipeline: completed/-  (Done: 318 new, 0 skipped)
[F[K  ⚪ [12:45:30] t= 668.2s  api: cpu=  0.2%  mem=  3.305GiB  chroma= 4.858MB  pipeline: completed/-  (Done: 318 new, 0 skipped)
[F[K  ⚪ [12:45:33] t= 671.7s  api: cpu=  0.2%  mem=  3.305GiB  chroma= 4.858MB  pipeline: completed/-  (Done: 318 new, 0 skipped)
[F[K  ⚪ [12:45:37] t= 675.3s  api: cpu=  0.2%  mem=  3.305GiB  chroma= 4.858MB  pipeline: completed/-  (Done: 318 new, 0 skipped)
[F[K  ⚪ [12:45:41] t= 678.9s  api: cpu=  0.2%  mem=  3.305GiB  chroma= 4.858MB  pipeline: completed/-  (Done: 318 new, 0 skipped)
[F[K  ⚪ [12:45:44] t= 682.4s  api: cpu=  0.2%  mem=  3.305GiB  chroma= 4.858MB  pipeline: completed/-  (Done: 318 new, 0 skipped)
[F[K  ⚪ [12:45:48] t= 686.1s  api: cpu=  0.3%  mem=  3.305GiB  chroma= 4.858MB  pipeline: completed/-  (Done: 318 new, 0 skipped)
[F[K  ⚪ [12:45:51] t= 689.7s  api: cpu=  0.3%  mem=  3.305GiB  chroma= 4.858MB  pipeline: completed/-  (Done: 318 new, 0 skipped)
[F[K  ⚪ [12:45:55] t= 693.2s  api: cpu=  0.2%  mem=  3.305GiB  chroma= 4.858MB  pipeline: completed/-  (Done: 318 new, 0 skipped)
[F[K  ⚪ [12:45:58] t= 696.8s  api: cpu=  0.2%  mem=  3.305GiB  chroma= 4.858MB  pipeline: completed/-  (Done: 318 new, 0 skipped)
[F[K  ⚪ [12:46:02] t= 700.4s  api: cpu=  0.2%  mem=  3.305GiB  chroma= 4.858MB  pipeline: completed/-  (Done: 318 new, 0 skipped)
[F[K  ⚪ [12:46:06] t= 703.9s  api: cpu=  0.2%  mem=  3.305GiB  chroma= 4.858MB  pipeline: completed/-  (Done: 318 new, 0 skipped)
[F[K  ⚪ [12:46:09] t= 707.5s  api: cpu=  0.2%  mem=  3.305GiB  chroma= 4.858MB  pipeline: completed/-  (Done: 318 new, 0 skipped)
[F[K  ⚪ [12:46:13] t= 711.1s  api: cpu=  0.2%  mem=  3.305GiB  chroma= 4.858MB  pipeline: completed/-  (Done: 318 new, 0 skipped)
[F[K  ⚪ [12:46:16] t= 714.6s  api: cpu=  6.8%  mem=  3.305GiB  chroma= 4.858MB  pipeline: completed/-  (Done: 318 new, 0 skipped)
[F[K  ⚪ [12:46:20] t= 718.3s  api: cpu=  0.3%  mem=  3.305GiB  chroma= 4.858MB  pipeline: completed/-  (Done: 318 new, 0 skipped)
[F[K  ⚪ [12:46:24] t= 721.9s  api: cpu= 24.9%  mem=  3.305GiB  chroma= 4.858MB  pipeline: completed/-  (Done: 318 new, 0 skipped)
[F[K  ⚪ [12:46:27] t= 725.5s  api: cpu=  0.3%  mem=  3.305GiB  chroma= 4.858MB  pipeline: completed/-  (Done: 318 new, 0 skipped)
[F[K  ⚪ [12:46:31] t= 729.1s  api: cpu=  0.2%  mem=  3.305GiB  chroma= 4.858MB  pipeline: completed/-  (Done: 318 new, 0 skipped)
[F[K  ⚪ [12:46:34] t= 732.7s  api: cpu=  0.2%  mem=  3.305GiB  chroma= 4.858MB  pipeline: completed/-  (Done: 318 new, 0 skipped)
[F[K  ⚪ [12:46:38] t= 736.2s  api: cpu=  0.2%  mem=  3.305GiB  chroma= 4.858MB  pipeline: completed/-  (Done: 318 new, 0 skipped)
[F[K  ⚪ [12:46:42] t= 739.8s  api: cpu=  0.2%  mem=  3.305GiB  chroma= 4.858MB  pipeline: completed/-  (Done: 318 new, 0 skipped)
[F[K  ⚪ [12:46:45] t= 743.3s  api: cpu=  0.2%  mem=  3.305GiB  chroma= 4.858MB  pipeline: completed/-  (Done: 318 new, 0 skipped)
[F[K  ⚪ [12:46:49] t= 746.9s  api: cpu=  0.2%  mem=  3.305GiB  chroma= 4.858MB  pipeline: completed/-  (Done: 318 new, 0 skipped)
[F[K  ⚪ [12:46:52] t= 750.5s  api: cpu=  0.2%  mem=  3.305GiB  chroma= 4.858MB  pipeline: completed/-  (Done: 318 new, 0 skipped)
[F[K  ⚪ [12:46:56] t= 754.1s  api: cpu=  0.2%  mem=  3.305GiB  chroma= 4.858MB  pipeline: completed/-  (Done: 318 new, 0 skipped)
[F[K  ⚪ [12:46:59] t= 757.6s  api: cpu=  0.2%  mem=  3.305GiB  chroma= 4.858MB  pipeline: completed/-  (Done: 318 new, 0 skipped)
[F[K  ⚪ [12:47:03] t= 761.2s  api: cpu=  0.2%  mem=  3.305GiB  chroma= 4.858MB  pipeline: completed/-  (Done: 318 new, 0 skipped)
[F[K  ⚪ [12:47:07] t= 764.8s  api: cpu=  0.2%  mem=  3.305GiB  chroma= 4.858MB  pipeline: completed/-  (Done: 318 new, 0 skipped)
[F[K  ⚪ [12:47:10] t= 768.4s  api: cpu=  0.2%  mem=  3.305GiB  chroma= 4.858MB  pipeline: completed/-  (Done: 318 new, 0 skipped)
[F[K  ⚪ [12:47:14] t= 771.9s  api: cpu=  0.2%  mem=  3.305GiB  chroma= 4.858MB  pipeline: completed/-  (Done: 318 new, 0 skipped)
[F[K  ⚪ [12:47:17] t= 775.5s  api: cpu=  0.2%  mem=  3.305GiB  chroma= 4.858MB  pipeline: completed/-  (Done: 318 new, 0 skipped)

📁 Raw samples:  /Users/athallarizky/development/rent-house-ai/poc/_e2e_logs/watch_baseline_bge_m3_samples.jsonl  (216 samples)
📁 Summary:      /Users/athallarizky/development/rent-house-ai/poc/_e2e_logs/watch_baseline_bge_m3_summary.json
   Events captured: 2  (1 complete)
